Jun  3 12:56:32 rcortes- kernel: Linux version 6.13.4 (root@ftlinuxrcortes) (gcc (GCC) 14.2.0, GNU ld (GNU Binutils) 2.44) #1 SMP PREEMPT_DYNAMIC Tue Jun  3 11:54:35 CEST 2025
Jun  3 12:56:32 rcortes- kernel: Command line: BOOT_IMAGE=/vmlinuz-6.13.4-lfs-12.3 root=/dev/sdb1 ro
Jun  3 12:56:32 rcortes- kernel: [Firmware Bug]: TSC doesn't count with P0 frequency!
Jun  3 12:56:32 rcortes- kernel: BIOS-provided physical RAM map:
Jun  3 12:56:32 rcortes- kernel: BIOS-e820: [mem 0x0000000000000000-0x000000000009fbff] usable
Jun  3 12:56:32 rcortes- kernel: BIOS-e820: [mem 0x000000000009fc00-0x000000000009ffff] reserved
Jun  3 12:56:32 rcortes- kernel: BIOS-e820: [mem 0x00000000000f0000-0x00000000000fffff] reserved
Jun  3 12:56:32 rcortes- kernel: BIOS-e820: [mem 0x0000000000100000-0x000000007ffeffff] usable
Jun  3 12:56:32 rcortes- kernel: BIOS-e820: [mem 0x000000007fff0000-0x000000007fffffff] ACPI data
Jun  3 12:56:32 rcortes- kernel: BIOS-e820: [mem 0x00000000fec00000-0x00000000fec00fff] reserved
Jun  3 12:56:32 rcortes- kernel: BIOS-e820: [mem 0x00000000fee00000-0x00000000fee00fff] reserved
Jun  3 12:56:32 rcortes- kernel: BIOS-e820: [mem 0x00000000fffc0000-0x00000000ffffffff] reserved
Jun  3 12:56:32 rcortes- kernel: NX (Execute Disable) protection: active
Jun  3 12:56:32 rcortes- kernel: APIC: Static calls initialized
Jun  3 12:56:32 rcortes- kernel: SMBIOS 2.5 present.
Jun  3 12:56:32 rcortes- kernel: DMI: innotek GmbH VirtualBox/VirtualBox, BIOS VirtualBox 12/01/2006
Jun  3 12:56:32 rcortes- kernel: DMI: Memory slots populated: 0/0
Jun  3 12:56:32 rcortes- kernel: Hypervisor detected: KVM
Jun  3 12:56:32 rcortes- kernel: kvm-clock: Using msrs 4b564d01 and 4b564d00
Jun  3 12:56:32 rcortes- kernel: kvm-clock: using sched offset of 77546115645 cycles
Jun  3 12:56:32 rcortes- kernel: clocksource: kvm-clock: mask: 0xffffffffffffffff max_cycles: 0x1cd42e4dffb, max_idle_ns: 881590591483 ns
Jun  3 12:56:32 rcortes- kernel: tsc: Detected 3293.734 MHz processor
Jun  3 12:56:32 rcortes- kernel: e820: update [mem 0x00000000-0x00000fff] usable ==> reserved
Jun  3 12:56:32 rcortes- kernel: e820: remove [mem 0x000a0000-0x000fffff] usable
Jun  3 12:56:32 rcortes- kernel: last_pfn = 0x80000 max_arch_pfn = 0x400000000
Jun  3 12:56:32 rcortes- kernel: MTRRs disabled by BIOS
Jun  3 12:56:32 rcortes- kernel: x86/PAT: Configuration [0-7]: WB  WC  UC- UC  WB  WP  UC- WT  
Jun  3 12:56:32 rcortes- kernel: found SMP MP-table at [mem 0x0009fff0-0x0009ffff]
Jun  3 12:56:32 rcortes- kernel: ACPI: Early table checksum verification disabled
Jun  3 12:56:32 rcortes- kernel: ACPI: RSDP 0x00000000000E0000 000024 (v02 VBOX  )
Jun  3 12:56:32 rcortes- kernel: ACPI: XSDT 0x000000007FFF0030 00003C (v01 VBOX   VBOXXSDT 00000001 ASL  00000061)
Jun  3 12:56:32 rcortes- kernel: ACPI: FACP 0x000000007FFF00F0 0000F4 (v04 VBOX   VBOXFACP 00000001 ASL  00000061)
Jun  3 12:56:32 rcortes- kernel: ACPI: DSDT 0x000000007FFF0610 002353 (v02 VBOX   VBOXBIOS 00000002 INTL 20100528)
Jun  3 12:56:32 rcortes- kernel: ACPI: FACS 0x000000007FFF0200 000040
Jun  3 12:56:32 rcortes- last message buffered 1 times
Jun  3 12:56:32 rcortes- kernel: ACPI: APIC 0x000000007FFF0240 00005C (v02 VBOX   VBOXAPIC 00000001 ASL  00000061)
Jun  3 12:56:32 rcortes- kernel: ACPI: SSDT 0x000000007FFF02A0 00036C (v01 VBOX   VBOXCPUT 00000002 INTL 20100528)
Jun  3 12:56:32 rcortes- kernel: ACPI: Reserving FACP table memory at [mem 0x7fff00f0-0x7fff01e3]
Jun  3 12:56:32 rcortes- kernel: ACPI: Reserving DSDT table memory at [mem 0x7fff0610-0x7fff2962]
Jun  3 12:56:32 rcortes- kernel: ACPI: Reserving FACS table memory at [mem 0x7fff0200-0x7fff023f]
Jun  3 12:56:32 rcortes- last message buffered 1 times
Jun  3 12:56:32 rcortes- kernel: ACPI: Reserving APIC table memory at [mem 0x7fff0240-0x7fff029b]
Jun  3 12:56:32 rcortes- kernel: ACPI: Reserving SSDT table memory at [mem 0x7fff02a0-0x7fff060b]
Jun  3 12:56:32 rcortes- kernel: No NUMA configuration found
Jun  3 12:56:32 rcortes- kernel: Faking a node at [mem 0x0000000000000000-0x000000007fffffff]
Jun  3 12:56:32 rcortes- kernel: NODE_DATA(0) allocated [mem 0x7ffec940-0x7ffeffff]
Jun  3 12:56:32 rcortes- kernel: Zone ranges:
Jun  3 12:56:32 rcortes- kernel:   DMA      [mem 0x0000000000001000-0x0000000000ffffff]
Jun  3 12:56:32 rcortes- kernel:   DMA32    [mem 0x0000000001000000-0x000000007fffffff]
Jun  3 12:56:32 rcortes- kernel:   Normal   empty
Jun  3 12:56:32 rcortes- kernel: Movable zone start for each node
Jun  3 12:56:32 rcortes- kernel: Early memory node ranges
Jun  3 12:56:32 rcortes- kernel:   node   0: [mem 0x0000000000001000-0x000000000009efff]
Jun  3 12:56:32 rcortes- kernel:   node   0: [mem 0x0000000000100000-0x000000007ffeffff]
Jun  3 12:56:32 rcortes- kernel: Initmem setup node 0 [mem 0x0000000000001000-0x000000007ffeffff]
Jun  3 12:56:32 rcortes- kernel: On node 0, zone DMA: 1 pages in unavailable ranges
Jun  3 12:56:32 rcortes- kernel: On node 0, zone DMA: 97 pages in unavailable ranges
Jun  3 12:56:32 rcortes- kernel: On node 0, zone DMA32: 16 pages in unavailable ranges
Jun  3 12:56:32 rcortes- kernel: ACPI: PM-Timer IO Port: 0x4008
Jun  3 12:56:32 rcortes- kernel: IOAPIC[0]: apic_id 2, version 32, address 0xfec00000, GSI 0-23
Jun  3 12:56:32 rcortes- kernel: ACPI: INT_SRC_OVR (bus 0 bus_irq 0 global_irq 2 dfl dfl)
Jun  3 12:56:32 rcortes- kernel: ACPI: INT_SRC_OVR (bus 0 bus_irq 9 global_irq 9 low level)
Jun  3 12:56:32 rcortes- kernel: ACPI: Using ACPI (MADT) for SMP configuration information
Jun  3 12:56:32 rcortes- kernel: CPU topo: Max. logical packages:   1
Jun  3 12:56:32 rcortes- kernel: CPU topo: Max. logical dies:       1
Jun  3 12:56:32 rcortes- kernel: CPU topo: Max. dies per package:   1
Jun  3 12:56:32 rcortes- kernel: CPU topo: Max. threads per core:   1
Jun  3 12:56:32 rcortes- kernel: CPU topo: Num. cores per package:     2
Jun  3 12:56:32 rcortes- kernel: CPU topo: Num. threads per package:   2
Jun  3 12:56:32 rcortes- kernel: CPU topo: Allowing 2 present CPUs plus 0 hotplug CPUs
Jun  3 12:56:32 rcortes- kernel: PM: hibernation: Registered nosave memory: [mem 0x00000000-0x00000fff]
Jun  3 12:56:32 rcortes- kernel: PM: hibernation: Registered nosave memory: [mem 0x0009f000-0x0009ffff]
Jun  3 12:56:32 rcortes- kernel: PM: hibernation: Registered nosave memory: [mem 0x000a0000-0x000effff]
Jun  3 12:56:32 rcortes- kernel: PM: hibernation: Registered nosave memory: [mem 0x000f0000-0x000fffff]
Jun  3 12:56:32 rcortes- kernel: PM: hibernation: Registered nosave memory: [mem 0x7fff0000-0x7fffffff]
Jun  3 12:56:32 rcortes- kernel: [mem 0x80000000-0xfebfffff] available for PCI devices
Jun  3 12:56:32 rcortes- kernel: Booting paravirtualized kernel on KVM
Jun  3 12:56:32 rcortes- kernel: clocksource: refined-jiffies: mask: 0xffffffff max_cycles: 0xffffffff, max_idle_ns: 1910969940391419 ns
Jun  3 12:56:32 rcortes- kernel: setup_percpu: NR_CPUS:64 nr_cpumask_bits:2 nr_cpu_ids:2 nr_node_ids:1
Jun  3 12:56:32 rcortes- kernel: percpu: Embedded 56 pages/cpu s191576 r8192 d29608 u1048576
Jun  3 12:56:32 rcortes- kernel: pcpu-alloc: s191576 r8192 d29608 u1048576 alloc=1*2097152
Jun  3 12:56:32 rcortes- kernel: pcpu-alloc: [0] 0 1 
Jun  3 12:56:32 rcortes- kernel: Kernel command line: BOOT_IMAGE=/vmlinuz-6.13.4-lfs-12.3 root=/dev/sdb1 ro
Jun  3 12:56:32 rcortes- kernel: Unknown kernel command line parameters "BOOT_IMAGE=/vmlinuz-6.13.4-lfs-12.3", will be passed to user space.
Jun  3 12:56:32 rcortes- kernel: random: crng init done
Jun  3 12:56:32 rcortes- kernel: printk: log buffer data + meta data: 262144 + 917504 = 1179648 bytes
Jun  3 12:56:32 rcortes- kernel: Dentry cache hash table entries: 262144 (order: 9, 2097152 bytes, linear)
Jun  3 12:56:32 rcortes- kernel: Inode-cache hash table entries: 131072 (order: 8, 1048576 bytes, linear)
Jun  3 12:56:32 rcortes- kernel: Fallback order for Node 0: 0 
Jun  3 12:56:32 rcortes- kernel: Built 1 zonelists, mobility grouping on.  Total pages: 524174
Jun  3 12:56:32 rcortes- kernel: Policy zone: DMA32
Jun  3 12:56:32 rcortes- kernel: mem auto-init: stack:all(zero), heap alloc:off, heap free:off
Jun  3 12:56:32 rcortes- kernel: SLUB: HWalign=64, Order=0-3, MinObjects=0, CPUs=2, Nodes=1
Jun  3 12:56:32 rcortes- kernel: Dynamic Preempt: voluntary
Jun  3 12:56:32 rcortes- kernel: rcu: Preemptible hierarchical RCU implementation.
Jun  3 12:56:32 rcortes- kernel: rcu: \x09RCU event tracing is enabled.
Jun  3 12:56:32 rcortes- kernel: rcu: \x09RCU restricting CPUs from NR_CPUS=64 to nr_cpu_ids=2.
Jun  3 12:56:32 rcortes- kernel: \x09Trampoline variant of Tasks RCU enabled.
Jun  3 12:56:32 rcortes- kernel: \x09Tracing variant of Tasks RCU enabled.
Jun  3 12:56:32 rcortes- kernel: rcu: RCU calculated value of scheduler-enlistment delay is 100 jiffies.
Jun  3 12:56:32 rcortes- kernel: rcu: Adjusting geometry for rcu_fanout_leaf=16, nr_cpu_ids=2
Jun  3 12:56:32 rcortes- kernel: RCU Tasks: Setting shift to 1 and lim to 1 rcu_task_cb_adjust=1 rcu_task_cpu_ids=2.
Jun  3 12:56:32 rcortes- kernel: RCU Tasks Trace: Setting shift to 1 and lim to 1 rcu_task_cb_adjust=1 rcu_task_cpu_ids=2.
Jun  3 12:56:32 rcortes- kernel: NR_IRQS: 4352, nr_irqs: 440, preallocated irqs: 16
Jun  3 12:56:32 rcortes- kernel: rcu: srcu_init: Setting srcu_struct sizes based on contention.
Jun  3 12:56:32 rcortes- kernel: Console: colour dummy device 80x25
Jun  3 12:56:32 rcortes- kernel: printk: legacy console [tty0] enabled
Jun  3 12:56:32 rcortes- kernel: ACPI: Core revision 20240827
Jun  3 12:56:32 rcortes- kernel: APIC: Switch to symmetric I/O mode setup
Jun  3 12:56:32 rcortes- kernel: ..TIMER: vector=0x30 apic1=0 pin1=2 apic2=-1 pin2=-1
Jun  3 12:56:32 rcortes- kernel: clocksource: tsc-early: mask: 0xffffffffffffffff max_cycles: 0x2f7a2ce67a6, max_idle_ns: 440795284468 ns
Jun  3 12:56:32 rcortes- kernel: Calibrating delay loop (skipped) preset value.. 6587.46 BogoMIPS (lpj=3293734)
Jun  3 12:56:32 rcortes- kernel: Last level iTLB entries: 4KB 512, 2MB 512, 4MB 256
Jun  3 12:56:32 rcortes- kernel: Last level dTLB entries: 4KB 2048, 2MB 2048, 4MB 1024, 1GB 0
Jun  3 12:56:32 rcortes- kernel: Spectre V1 : Mitigation: usercopy/swapgs barriers and __user pointer sanitization
Jun  3 12:56:32 rcortes- kernel: Spectre V2 : Mitigation: Retpolines
Jun  3 12:56:32 rcortes- kernel: Spectre V2 : Spectre v2 / SpectreRSB mitigation: Filling RSB on context switch
Jun  3 12:56:32 rcortes- kernel: Spectre V2 : Spectre v2 / SpectreRSB : Filling RSB on VMEXIT
Jun  3 12:56:32 rcortes- kernel: Speculative Return Stack Overflow: IBPB-extending microcode not applied!
Jun  3 12:56:32 rcortes- kernel: Speculative Return Stack Overflow: WARNING: See https://kernel.org/doc/html/latest/admin-guide/hw-vuln/srso.html for mitigation options.
Jun  3 12:56:32 rcortes- kernel: Speculative Return Stack Overflow: Vulnerable: Safe RET, no microcode
Jun  3 12:56:32 rcortes- kernel: x86/fpu: x87 FPU will use FXSAVE
Jun  3 12:56:32 rcortes- kernel: Freeing SMP alternatives memory: 48K
Jun  3 12:56:32 rcortes- kernel: pid_max: default: 32768 minimum: 301
Jun  3 12:56:32 rcortes- kernel: LSM: initializing lsm=capability,selinux
Jun  3 12:56:32 rcortes- kernel: SELinux:  Initializing.
Jun  3 12:56:32 rcortes- kernel: Mount-cache hash table entries: 4096 (order: 3, 32768 bytes, linear)
Jun  3 12:56:32 rcortes- kernel: Mountpoint-cache hash table entries: 4096 (order: 3, 32768 bytes, linear)
Jun  3 12:56:32 rcortes- kernel: smpboot: CPU0: AMD Ryzen 5 5600H with Radeon Graphics (family: 0x19, model: 0x50, stepping: 0x0)
Jun  3 12:56:32 rcortes- kernel: Performance Events: PMU not available due to virtualization, using software events only.
Jun  3 12:56:32 rcortes- kernel: signal: max sigframe size: 1440
Jun  3 12:56:32 rcortes- kernel: rcu: Hierarchical SRCU implementation.
Jun  3 12:56:32 rcortes- kernel: rcu: \x09Max phase no-delay instances is 400.
Jun  3 12:56:32 rcortes- kernel: Timer migration: 1 hierarchy levels; 8 children per group; 1 crossnode level
Jun  3 12:56:32 rcortes- kernel: smp: Bringing up secondary CPUs ...
Jun  3 12:56:32 rcortes- kernel: smpboot: x86: Booting SMP configuration:
Jun  3 12:56:32 rcortes- kernel: .... node  #0, CPUs:      #1
Jun  3 12:56:32 rcortes- kernel: TSC synchronization [CPU#0 -> CPU#1]:
Jun  3 12:56:32 rcortes- kernel: Measured 86741 cycles TSC warp between CPUs, turning off TSC clock.
Jun  3 12:56:32 rcortes- kernel: tsc: Marking TSC unstable due to check_tsc_sync_source failed
Jun  3 12:56:32 rcortes- kernel: smp: Brought up 1 node, 2 CPUs
Jun  3 12:56:32 rcortes- kernel: smpboot: Total of 2 processors activated (13174.93 BogoMIPS)
Jun  3 12:56:32 rcortes- kernel: Memory: 2017068K/2096696K available (18432K kernel code, 2874K rwdata, 7244K rodata, 2764K init, 832K bss, 75924K reserved, 0K cma-reserved)
Jun  3 12:56:32 rcortes- kernel: devtmpfs: initialized
Jun  3 12:56:32 rcortes- kernel: clocksource: jiffies: mask: 0xffffffff max_cycles: 0xffffffff, max_idle_ns: 1911260446275000 ns
Jun  3 12:56:32 rcortes- kernel: futex hash table entries: 512 (order: 3, 32768 bytes, linear)
Jun  3 12:56:32 rcortes- kernel: PM: RTC time: 10:56:32, date: 2025-06-03
Jun  3 12:56:32 rcortes- kernel: NET: Registered PF_NETLINK/PF_ROUTE protocol family
Jun  3 12:56:32 rcortes- kernel: audit: initializing netlink subsys (disabled)
Jun  3 12:56:32 rcortes- kernel: thermal_sys: Registered thermal governor 'step_wise'
Jun  3 12:56:32 rcortes- kernel: thermal_sys: Registered thermal governor 'user_space'
Jun  3 12:56:32 rcortes- kernel: audit: type=2000 audit(1748948268.926:1): state=initialized audit_enabled=0 res=1
Jun  3 12:56:32 rcortes- kernel: cpuidle: using governor menu
Jun  3 12:56:32 rcortes- kernel: PCI: Using configuration type 1 for base access
Jun  3 12:56:32 rcortes- kernel: PCI: Using configuration type 1 for extended access
Jun  3 12:56:32 rcortes- kernel: kprobes: kprobe jump-optimization is enabled. All kprobes are optimized if possible.
Jun  3 12:56:32 rcortes- kernel: HugeTLB: registered 2.00 MiB page size, pre-allocated 0 pages
Jun  3 12:56:32 rcortes- kernel: HugeTLB: 28 KiB vmemmap can be freed for a 2.00 MiB page
Jun  3 12:56:32 rcortes- kernel: ACPI: Added _OSI(Module Device)
Jun  3 12:56:32 rcortes- kernel: ACPI: Added _OSI(Processor Device)
Jun  3 12:56:32 rcortes- kernel: ACPI: Added _OSI(3.0 _SCP Extensions)
Jun  3 12:56:32 rcortes- kernel: ACPI: Added _OSI(Processor Aggregator Device)
Jun  3 12:56:32 rcortes- kernel: ACPI: 2 ACPI AML tables successfully acquired and loaded
Jun  3 12:56:32 rcortes- kernel: ACPI: Interpreter enabled
Jun  3 12:56:32 rcortes- kernel: ACPI: PM: (supports S0 S5)
Jun  3 12:56:32 rcortes- kernel: ACPI: Using IOAPIC for interrupt routing
Jun  3 12:56:32 rcortes- kernel: PCI: Using host bridge windows from ACPI; if necessary, use "pci=nocrs" and report a bug
Jun  3 12:56:32 rcortes- kernel: PCI: Using E820 reservations for host bridge windows
Jun  3 12:56:32 rcortes- kernel: ACPI: Enabled 2 GPEs in block 00 to 07
Jun  3 12:56:32 rcortes- kernel: ACPI: PCI Root Bridge [PCI0] (domain 0000 [bus 00-ff])
Jun  3 12:56:32 rcortes- kernel: acpi PNP0A03:00: _OSC: OS supports [ExtendedConfig ASPM ClockPM Segments MSI HPX-Type3]
Jun  3 12:56:32 rcortes- kernel: acpi PNP0A03:00: _OSC: platform does not support [PCIeCapability LTR]
Jun  3 12:56:32 rcortes- kernel: acpi PNP0A03:00: _OSC: not requesting control; platform does not support [PCIeCapability]
Jun  3 12:56:32 rcortes- kernel: acpi PNP0A03:00: _OSC: OS requested [PME PCIeCapability LTR]
Jun  3 12:56:32 rcortes- kernel: acpi PNP0A03:00: _OSC: platform willing to grant [PME]
Jun  3 12:56:32 rcortes- kernel: acpi PNP0A03:00: _OSC: platform retains control of PCIe features (AE_SUPPORT)
Jun  3 12:56:32 rcortes- kernel: PCI host bridge to bus 0000:00
Jun  3 12:56:32 rcortes- kernel: pci_bus 0000:00: root bus resource [io  0x0000-0x0cf7 window]
Jun  3 12:56:32 rcortes- kernel: pci_bus 0000:00: root bus resource [io  0x0d00-0xffff window]
Jun  3 12:56:32 rcortes- kernel: pci_bus 0000:00: root bus resource [mem 0x000a0000-0x000bffff window]
Jun  3 12:56:32 rcortes- kernel: pci_bus 0000:00: root bus resource [mem 0x80000000-0xfdffffff window]
Jun  3 12:56:32 rcortes- kernel: pci_bus 0000:00: root bus resource [bus 00-ff]
Jun  3 12:56:32 rcortes- kernel: pci 0000:00:00.0: [8086:1237] type 00 class 0x060000 conventional PCI endpoint
Jun  3 12:56:32 rcortes- kernel: pci 0000:00:01.0: [8086:7000] type 00 class 0x060100 conventional PCI endpoint
Jun  3 12:56:32 rcortes- kernel: pci 0000:00:01.1: [8086:7111] type 00 class 0x01018a conventional PCI endpoint
Jun  3 12:56:32 rcortes- kernel: pci 0000:00:01.1: BAR 4 [io  0xd000-0xd00f]
Jun  3 12:56:32 rcortes- kernel: pci 0000:00:01.1: BAR 0 [io  0x01f0-0x01f7]: legacy IDE quirk
Jun  3 12:56:32 rcortes- kernel: pci 0000:00:01.1: BAR 1 [io  0x03f6]: legacy IDE quirk
Jun  3 12:56:32 rcortes- kernel: pci 0000:00:01.1: BAR 2 [io  0x0170-0x0177]: legacy IDE quirk
Jun  3 12:56:32 rcortes- kernel: pci 0000:00:01.1: BAR 3 [io  0x0376]: legacy IDE quirk
Jun  3 12:56:32 rcortes- kernel: pci 0000:00:02.0: [15ad:0405] type 00 class 0x030000 conventional PCI endpoint
Jun  3 12:56:32 rcortes- kernel: pci 0000:00:02.0: BAR 0 [io  0xd010-0xd01f]
Jun  3 12:56:32 rcortes- kernel: pci 0000:00:02.0: BAR 1 [mem 0xe0000000-0xe0ffffff pref]
Jun  3 12:56:32 rcortes- kernel: pci 0000:00:02.0: BAR 2 [mem 0xf0000000-0xf01fffff]
Jun  3 12:56:32 rcortes- kernel: pci 0000:00:02.0: Video device with shadowed ROM at [mem 0x000c0000-0x000dffff]
Jun  3 12:56:32 rcortes- kernel: pci 0000:00:03.0: [8086:100e] type 00 class 0x020000 conventional PCI endpoint
Jun  3 12:56:32 rcortes- kernel: pci 0000:00:03.0: BAR 0 [mem 0xf0200000-0xf021ffff]
Jun  3 12:56:32 rcortes- kernel: pci 0000:00:03.0: BAR 2 [io  0xd020-0xd027]
Jun  3 12:56:32 rcortes- kernel: pci 0000:00:04.0: [80ee:cafe] type 00 class 0x088000 conventional PCI endpoint
Jun  3 12:56:32 rcortes- kernel: pci 0000:00:04.0: BAR 0 [io  0xd040-0xd05f]
Jun  3 12:56:32 rcortes- kernel: pci 0000:00:04.0: BAR 1 [mem 0xf0400000-0xf07fffff]
Jun  3 12:56:32 rcortes- kernel: pci 0000:00:04.0: BAR 2 [mem 0xf0800000-0xf0803fff pref]
Jun  3 12:56:32 rcortes- kernel: pci 0000:00:05.0: [8086:2415] type 00 class 0x040100 conventional PCI endpoint
Jun  3 12:56:32 rcortes- kernel: pci 0000:00:05.0: BAR 0 [io  0xd100-0xd1ff]
Jun  3 12:56:32 rcortes- kernel: pci 0000:00:05.0: BAR 1 [io  0xd200-0xd23f]
Jun  3 12:56:32 rcortes- kernel: pci 0000:00:06.0: [106b:003f] type 00 class 0x0c0310 conventional PCI endpoint
Jun  3 12:56:32 rcortes- kernel: pci 0000:00:06.0: BAR 0 [mem 0xf0804000-0xf0804fff]
Jun  3 12:56:32 rcortes- kernel: pci 0000:00:07.0: [8086:7113] type 00 class 0x068000 conventional PCI endpoint
Jun  3 12:56:32 rcortes- kernel: pci 0000:00:07.0: quirk: [io  0x4000-0x403f] claimed by PIIX4 ACPI
Jun  3 12:56:32 rcortes- kernel: pci 0000:00:07.0: quirk: [io  0x4100-0x410f] claimed by PIIX4 SMB
Jun  3 12:56:32 rcortes- kernel: pci 0000:00:0b.0: [8086:265c] type 00 class 0x0c0320 conventional PCI endpoint
Jun  3 12:56:32 rcortes- kernel: pci 0000:00:0b.0: BAR 0 [mem 0xf0805000-0xf0805fff]
Jun  3 12:56:32 rcortes- kernel: pci 0000:00:0d.0: [8086:2829] type 00 class 0x010601 conventional PCI endpoint
Jun  3 12:56:32 rcortes- kernel: pci 0000:00:0d.0: BAR 0 [io  0xd240-0xd247]
Jun  3 12:56:32 rcortes- kernel: pci 0000:00:0d.0: BAR 1 [io  0xd248-0xd24b]
Jun  3 12:56:32 rcortes- kernel: pci 0000:00:0d.0: BAR 2 [io  0xd250-0xd257]
Jun  3 12:56:32 rcortes- kernel: pci 0000:00:0d.0: BAR 3 [io  0xd258-0xd25b]
Jun  3 12:56:32 rcortes- kernel: pci 0000:00:0d.0: BAR 4 [io  0xd260-0xd26f]
Jun  3 12:56:32 rcortes- kernel: pci 0000:00:0d.0: BAR 5 [mem 0xf0806000-0xf0807fff]
Jun  3 12:56:32 rcortes- kernel: ACPI: PCI: Interrupt link LNKA configured for IRQ 11
Jun  3 12:56:32 rcortes- kernel: ACPI: PCI: Interrupt link LNKB configured for IRQ 10
Jun  3 12:56:32 rcortes- kernel: ACPI: PCI: Interrupt link LNKC configured for IRQ 9
Jun  3 12:56:32 rcortes- kernel: ACPI: PCI: Interrupt link LNKD configured for IRQ 11
Jun  3 12:56:32 rcortes- kernel: iommu: Default domain type: Translated
Jun  3 12:56:32 rcortes- kernel: iommu: DMA domain TLB invalidation policy: lazy mode
Jun  3 12:56:32 rcortes- kernel: SCSI subsystem initialized
Jun  3 12:56:32 rcortes- kernel: libata version 3.00 loaded.
Jun  3 12:56:32 rcortes- kernel: ACPI: bus type USB registered
Jun  3 12:56:32 rcortes- kernel: usbcore: registered new interface driver usbfs
Jun  3 12:56:32 rcortes- kernel: usbcore: registered new interface driver hub
Jun  3 12:56:32 rcortes- kernel: usbcore: registered new device driver usb
Jun  3 12:56:32 rcortes- kernel: pps_core: LinuxPPS API ver. 1 registered
Jun  3 12:56:32 rcortes- kernel: pps_core: Software ver. 5.3.6 - Copyright 2005-2007 Rodolfo Giometti <giometti@linux.it>
Jun  3 12:56:32 rcortes- kernel: PTP clock support registered
Jun  3 12:56:32 rcortes- kernel: Advanced Linux Sound Architecture Driver Initialized.
Jun  3 12:56:32 rcortes- kernel: NetLabel: Initializing
Jun  3 12:56:32 rcortes- kernel: NetLabel:  domain hash size = 128
Jun  3 12:56:32 rcortes- kernel: NetLabel:  protocols = UNLABELED CIPSOv4 CALIPSO
Jun  3 12:56:32 rcortes- kernel: NetLabel:  unlabeled traffic allowed by default
Jun  3 12:56:32 rcortes- kernel: PCI: Using ACPI for IRQ routing
Jun  3 12:56:32 rcortes- kernel: PCI: pci_cache_line_size set to 64 bytes
Jun  3 12:56:32 rcortes- kernel: e820: reserve RAM buffer [mem 0x0009fc00-0x0009ffff]
Jun  3 12:56:32 rcortes- kernel: e820: reserve RAM buffer [mem 0x7fff0000-0x7fffffff]
Jun  3 12:56:32 rcortes- kernel: pci 0000:00:02.0: vgaarb: setting as boot VGA device
Jun  3 12:56:32 rcortes- kernel: pci 0000:00:02.0: vgaarb: bridge control possible
Jun  3 12:56:32 rcortes- kernel: pci 0000:00:02.0: vgaarb: VGA device added: decodes=io+mem,owns=io+mem,locks=none
Jun  3 12:56:32 rcortes- kernel: vgaarb: loaded
Jun  3 12:56:32 rcortes- kernel: clocksource: Switched to clocksource kvm-clock
Jun  3 12:56:32 rcortes- kernel: VFS: Disk quotas dquot_6.6.0
Jun  3 12:56:32 rcortes- kernel: VFS: Dquot-cache hash table entries: 512 (order 0, 4096 bytes)
Jun  3 12:56:32 rcortes- kernel: pnp: PnP ACPI init
Jun  3 12:56:32 rcortes- kernel: pnp: PnP ACPI: found 2 devices
Jun  3 12:56:32 rcortes- kernel: clocksource: acpi_pm: mask: 0xffffff max_cycles: 0xffffff, max_idle_ns: 2085701024 ns
Jun  3 12:56:32 rcortes- kernel: NET: Registered PF_INET protocol family
Jun  3 12:56:32 rcortes- kernel: IP idents hash table entries: 32768 (order: 6, 262144 bytes, linear)
Jun  3 12:56:32 rcortes- kernel: tcp_listen_portaddr_hash hash table entries: 1024 (order: 2, 16384 bytes, linear)
Jun  3 12:56:32 rcortes- kernel: Table-perturb hash table entries: 65536 (order: 6, 262144 bytes, linear)
Jun  3 12:56:32 rcortes- kernel: TCP established hash table entries: 16384 (order: 5, 131072 bytes, linear)
Jun  3 12:56:32 rcortes- kernel: TCP bind hash table entries: 16384 (order: 7, 524288 bytes, linear)
Jun  3 12:56:32 rcortes- kernel: TCP: Hash tables configured (established 16384 bind 16384)
Jun  3 12:56:32 rcortes- kernel: UDP hash table entries: 1024 (order: 4, 65536 bytes, linear)
Jun  3 12:56:32 rcortes- kernel: UDP-Lite hash table entries: 1024 (order: 4, 65536 bytes, linear)
Jun  3 12:56:32 rcortes- kernel: NET: Registered PF_UNIX/PF_LOCAL protocol family
Jun  3 12:56:32 rcortes- kernel: RPC: Registered named UNIX socket transport module.
Jun  3 12:56:32 rcortes- kernel: RPC: Registered udp transport module.
Jun  3 12:56:32 rcortes- kernel: RPC: Registered tcp transport module.
Jun  3 12:56:32 rcortes- kernel: RPC: Registered tcp-with-tls transport module.
Jun  3 12:56:32 rcortes- kernel: RPC: Registered tcp NFSv4.1 backchannel transport module.
Jun  3 12:56:32 rcortes- kernel: pci_bus 0000:00: resource 4 [io  0x0000-0x0cf7 window]
Jun  3 12:56:32 rcortes- kernel: pci_bus 0000:00: resource 5 [io  0x0d00-0xffff window]
Jun  3 12:56:32 rcortes- kernel: pci_bus 0000:00: resource 6 [mem 0x000a0000-0x000bffff window]
Jun  3 12:56:32 rcortes- kernel: pci_bus 0000:00: resource 7 [mem 0x80000000-0xfdffffff window]
Jun  3 12:56:32 rcortes- kernel: pci 0000:00:00.0: Limiting direct PCI/PCI transfers
Jun  3 12:56:32 rcortes- kernel: PCI: CLS 0 bytes, default 64
Jun  3 12:56:32 rcortes- kernel: platform rtc_cmos: registered platform RTC device (no PNP device found)
Jun  3 12:56:32 rcortes- kernel: Initialise system trusted keyrings
Jun  3 12:56:32 rcortes- kernel: workingset: timestamp_bits=40 max_order=19 bucket_order=0
Jun  3 12:56:32 rcortes- kernel: NFS: Registering the id_resolver key type
Jun  3 12:56:32 rcortes- kernel: Key type id_resolver registered
Jun  3 12:56:32 rcortes- kernel: Key type id_legacy registered
Jun  3 12:56:32 rcortes- kernel: 9p: Installing v9fs 9p2000 file system support
Jun  3 12:56:32 rcortes- kernel: Key type asymmetric registered
Jun  3 12:56:32 rcortes- kernel: Asymmetric key parser 'x509' registered
Jun  3 12:56:32 rcortes- kernel: Block layer SCSI generic (bsg) driver version 0.4 loaded (major 251)
Jun  3 12:56:32 rcortes- kernel: io scheduler mq-deadline registered
Jun  3 12:56:32 rcortes- kernel: io scheduler kyber registered
Jun  3 12:56:32 rcortes- kernel: ACPI: AC: AC Adapter [AC] (on-line)
Jun  3 12:56:32 rcortes- kernel: input: Power Button as /devices/LNXSYSTM:00/LNXPWRBN:00/input/input0
Jun  3 12:56:32 rcortes- kernel: ACPI: button: Power Button [PWRF]
Jun  3 12:56:32 rcortes- kernel: input: Sleep Button as /devices/LNXSYSTM:00/LNXSLPBN:00/input/input1
Jun  3 12:56:32 rcortes- kernel: ACPI: button: Sleep Button [SLPF]
Jun  3 12:56:32 rcortes- kernel: ACPI: video: Video Device [GFX0] (multi-head: yes  rom: no  post: no)
Jun  3 12:56:32 rcortes- kernel: input: Video Bus as /devices/LNXSYSTM:00/LNXSYBUS:00/PNP0A03:00/LNXVIDEO:00/input/input2
Jun  3 12:56:32 rcortes- kernel: Serial: 8250/16550 driver, 4 ports, IRQ sharing enabled
Jun  3 12:56:32 rcortes- kernel: Non-volatile memory driver v1.3
Jun  3 12:56:32 rcortes- kernel: Linux agpgart interface v0.103
Jun  3 12:56:32 rcortes- kernel: ACPI: bus type drm_connector registered
Jun  3 12:56:32 rcortes- kernel: ACPI: battery: Slot [BAT0] (battery present)
Jun  3 12:56:32 rcortes- kernel: loop: module loaded
Jun  3 12:56:32 rcortes- kernel: ahci 0000:00:0d.0: version 3.0
Jun  3 12:56:32 rcortes- kernel: ahci 0000:00:0d.0: SSS flag set, parallel bus scan disabled
Jun  3 12:56:32 rcortes- kernel: ahci 0000:00:0d.0: AHCI vers 0001.0100, 32 command slots, 3 Gbps, SATA mode
Jun  3 12:56:32 rcortes- kernel: ahci 0000:00:0d.0: 2/2 ports implemented (port mask 0x3)
Jun  3 12:56:32 rcortes- kernel: ahci 0000:00:0d.0: flags: 64bit ncq stag only ccc 
Jun  3 12:56:32 rcortes- kernel: scsi host0: ahci
Jun  3 12:56:32 rcortes- kernel: scsi host1: ahci
Jun  3 12:56:32 rcortes- kernel: ata1: SATA max UDMA/133 abar m8192@0xf0806000 port 0xf0806100 irq 21 lpm-pol 0
Jun  3 12:56:32 rcortes- kernel: ata2: SATA max UDMA/133 abar m8192@0xf0806000 port 0xf0806180 irq 21 lpm-pol 0
Jun  3 12:56:32 rcortes- kernel: ata_piix 0000:00:01.1: version 2.13
Jun  3 12:56:32 rcortes- kernel: scsi host2: ata_piix
Jun  3 12:56:32 rcortes- kernel: scsi host3: ata_piix
Jun  3 12:56:32 rcortes- kernel: ata3: PATA max UDMA/33 cmd 0x1f0 ctl 0x3f6 bmdma 0xd000 irq 14 lpm-pol 0
Jun  3 12:56:32 rcortes- kernel: ata4: PATA max UDMA/33 cmd 0x170 ctl 0x376 bmdma 0xd008 irq 15 lpm-pol 0
Jun  3 12:56:32 rcortes- kernel: e100: Intel(R) PRO/100 Network Driver
Jun  3 12:56:32 rcortes- kernel: e100: Copyright(c) 1999-2006 Intel Corporation
Jun  3 12:56:32 rcortes- kernel: e1000: Intel(R) PRO/1000 Network Driver
Jun  3 12:56:32 rcortes- kernel: e1000: Copyright (c) 1999-2006 Intel Corporation.
Jun  3 12:56:32 rcortes- kernel: ata3.00: ATAPI: VBOX CD-ROM, 1.0, max UDMA/133
Jun  3 12:56:32 rcortes- kernel: ata1: SATA link up 3.0 Gbps (SStatus 123 SControl 300)
Jun  3 12:56:32 rcortes- kernel: ata1.00: ATA-6: VBOX HARDDISK, 1.0, max UDMA/133
Jun  3 12:56:32 rcortes- kernel: ata1.00: 62914560 sectors, multi 128: LBA48 NCQ (depth 32)
Jun  3 12:56:32 rcortes- kernel: ata1.00: configured for UDMA/133
Jun  3 12:56:32 rcortes- kernel: scsi 0:0:0:0: Direct-Access     ATA      VBOX HARDDISK    1.0  PQ: 0 ANSI: 5
Jun  3 12:56:32 rcortes- kernel: sd 0:0:0:0: Attached scsi generic sg0 type 0
Jun  3 12:56:32 rcortes- kernel: sd 0:0:0:0: [sda] 62914560 512-byte logical blocks: (32.2 GB/30.0 GiB)
Jun  3 12:56:32 rcortes- kernel: sd 0:0:0:0: [sda] Write Protect is off
Jun  3 12:56:32 rcortes- kernel: sd 0:0:0:0: [sda] Mode Sense: 00 3a 00 00
Jun  3 12:56:32 rcortes- kernel: sd 0:0:0:0: [sda] Write cache: enabled, read cache: enabled, doesn't support DPO or FUA
Jun  3 12:56:32 rcortes- kernel: sd 0:0:0:0: [sda] Preferred minimum I/O size 512 bytes
Jun  3 12:56:32 rcortes- kernel:  sda: sda1 sda2
Jun  3 12:56:32 rcortes- kernel: sd 0:0:0:0: [sda] Attached SCSI disk
Jun  3 12:56:32 rcortes- kernel: ata2: SATA link up 3.0 Gbps (SStatus 123 SControl 300)
Jun  3 12:56:32 rcortes- kernel: ata2.00: ATA-6: VBOX HARDDISK, 1.0, max UDMA/133
Jun  3 12:56:32 rcortes- kernel: ata2.00: 41943040 sectors, multi 128: LBA48 NCQ (depth 32)
Jun  3 12:56:32 rcortes- kernel: ata2.00: configured for UDMA/133
Jun  3 12:56:32 rcortes- kernel: scsi 1:0:0:0: Direct-Access     ATA      VBOX HARDDISK    1.0  PQ: 0 ANSI: 5
Jun  3 12:56:32 rcortes- kernel: sd 1:0:0:0: [sdb] 41943040 512-byte logical blocks: (21.5 GB/20.0 GiB)
Jun  3 12:56:32 rcortes- kernel: sd 1:0:0:0: [sdb] Write Protect is off
Jun  3 12:56:32 rcortes- kernel: sd 1:0:0:0: [sdb] Mode Sense: 00 3a 00 00
Jun  3 12:56:32 rcortes- kernel: sd 1:0:0:0: [sdb] Write cache: enabled, read cache: enabled, doesn't support DPO or FUA
Jun  3 12:56:32 rcortes- kernel: sd 1:0:0:0: [sdb] Preferred minimum I/O size 512 bytes
Jun  3 12:56:32 rcortes- kernel: sd 1:0:0:0: Attached scsi generic sg1 type 0
Jun  3 12:56:33 rcortes- kernel: scsi 2:0:0:0: CD-ROM            VBOX     CD-ROM           1.0  PQ: 0 ANSI: 5
Jun  3 12:56:33 rcortes- kernel:  sdb: sdb1 sdb2 sdb3
Jun  3 12:56:33 rcortes- kernel: sd 1:0:0:0: [sdb] Attached SCSI disk
Jun  3 12:56:33 rcortes- kernel: sr 2:0:0:0: [sr0] scsi3-mmc drive: 32x/32x xa/form2 tray
Jun  3 12:56:33 rcortes- kernel: cdrom: Uniform CD-ROM driver Revision: 3.20
Jun  3 12:56:33 rcortes- kernel: sr 2:0:0:0: Attached scsi CD-ROM sr0
Jun  3 12:56:33 rcortes- kernel: sr 2:0:0:0: Attached scsi generic sg2 type 5
Jun  3 12:56:33 rcortes- kernel: e1000 0000:00:03.0 eth0: (PCI:33MHz:32-bit) 08:00:27:a7:bd:dc
Jun  3 12:56:33 rcortes- kernel: e1000 0000:00:03.0 eth0: Intel(R) PRO/1000 Network Connection
Jun  3 12:56:33 rcortes- kernel: e1000e: Intel(R) PRO/1000 Network Driver
Jun  3 12:56:33 rcortes- kernel: e1000e: Copyright(c) 1999 - 2015 Intel Corporation.
Jun  3 12:56:33 rcortes- kernel: sky2: driver version 1.30
Jun  3 12:56:33 rcortes- kernel: ohci-pci 0000:00:06.0: OHCI PCI host controller
Jun  3 12:56:33 rcortes- kernel: ohci-pci 0000:00:06.0: new USB bus registered, assigned bus number 1
Jun  3 12:56:33 rcortes- kernel: ohci-pci 0000:00:06.0: irq 22, io mem 0xf0804000
Jun  3 12:56:33 rcortes- kernel: usb usb1: New USB device found, idVendor=1d6b, idProduct=0001, bcdDevice= 6.13
Jun  3 12:56:33 rcortes- kernel: usb usb1: New USB device strings: Mfr=3, Product=2, SerialNumber=1
Jun  3 12:56:33 rcortes- kernel: usb usb1: Product: OHCI PCI host controller
Jun  3 12:56:33 rcortes- kernel: usb usb1: Manufacturer: Linux 6.13.4 ohci_hcd
Jun  3 12:56:33 rcortes- kernel: usb usb1: SerialNumber: 0000:00:06.0
Jun  3 12:56:33 rcortes- kernel: hub 1-0:1.0: USB hub found
Jun  3 12:56:33 rcortes- kernel: hub 1-0:1.0: 12 ports detected
Jun  3 12:56:33 rcortes- kernel: usbcore: registered new interface driver usblp
Jun  3 12:56:33 rcortes- kernel: usbcore: registered new interface driver usb-storage
Jun  3 12:56:33 rcortes- kernel: ehci-pci 0000:00:0b.0: EHCI Host Controller
Jun  3 12:56:33 rcortes- kernel: ehci-pci 0000:00:0b.0: new USB bus registered, assigned bus number 2
Jun  3 12:56:33 rcortes- kernel: i8042: PNP: PS/2 Controller [PNP0303:PS2K,PNP0f03:PS2M] at 0x60,0x64 irq 1,12
Jun  3 12:56:33 rcortes- kernel: ehci-pci 0000:00:0b.0: irq 19, io mem 0xf0805000
Jun  3 12:56:33 rcortes- kernel: serio: i8042 KBD port at 0x60,0x64 irq 1
Jun  3 12:56:33 rcortes- kernel: serio: i8042 AUX port at 0x60,0x64 irq 12
Jun  3 12:56:33 rcortes- kernel: ehci-pci 0000:00:0b.0: USB 2.0 started, EHCI 1.00
Jun  3 12:56:33 rcortes- kernel: usb usb2: New USB device found, idVendor=1d6b, idProduct=0002, bcdDevice= 6.13
Jun  3 12:56:33 rcortes- kernel: usb usb2: New USB device strings: Mfr=3, Product=2, SerialNumber=1
Jun  3 12:56:33 rcortes- kernel: usb usb2: Product: EHCI Host Controller
Jun  3 12:56:33 rcortes- kernel: usb usb2: Manufacturer: Linux 6.13.4 ehci_hcd
Jun  3 12:56:33 rcortes- kernel: usb usb2: SerialNumber: 0000:00:0b.0
Jun  3 12:56:33 rcortes- kernel: hub 2-0:1.0: USB hub found
Jun  3 12:56:33 rcortes- kernel: hub 2-0:1.0: 12 ports detected
Jun  3 12:56:33 rcortes- kernel: input: AT Translated Set 2 keyboard as /devices/platform/i8042/serio0/input/input3
Jun  3 12:56:33 rcortes- kernel: rtc_cmos rtc_cmos: registered as rtc0
Jun  3 12:56:33 rcortes- kernel: rtc_cmos rtc_cmos: alarms up to one day, 114 bytes nvram
Jun  3 12:56:33 rcortes- kernel: device-mapper: ioctl: 4.48.0-ioctl (2023-03-01) initialised: dm-devel@lists.linux.dev
Jun  3 12:56:33 rcortes- kernel: amd_pstate: The CPPC feature is supported but currently disabled by the BIOS.\x0aPlease enable it if your BIOS has the CPPC option.
Jun  3 12:56:33 rcortes- kernel: amd_pstate: the _CPC object is not present in SBIOS or ACPI disabled
Jun  3 12:56:33 rcortes- kernel: simple-framebuffer simple-framebuffer.0: [drm] Registered 1 planes with drm panic
Jun  3 12:56:33 rcortes- kernel: [drm] Initialized simpledrm 1.0.0 for simple-framebuffer.0 on minor 0
Jun  3 12:56:33 rcortes- kernel: Console: switching to colour frame buffer device 128x48
Jun  3 12:56:33 rcortes- kernel: simple-framebuffer simple-framebuffer.0: [drm] fb0: simpledrmdrmfb frame buffer device
Jun  3 12:56:33 rcortes- kernel: hid: raw HID events driver (C) Jiri Kosina
Jun  3 12:56:33 rcortes- kernel: usbcore: registered new interface driver usbhid
Jun  3 12:56:33 rcortes- kernel: usbhid: USB HID core driver
Jun  3 12:56:33 rcortes- kernel: Initializing XFRM netlink socket
Jun  3 12:56:33 rcortes- kernel: NET: Registered PF_INET6 protocol family
Jun  3 12:56:33 rcortes- kernel: Segment Routing with IPv6
Jun  3 12:56:33 rcortes- kernel: In-situ OAM (IOAM) with IPv6
Jun  3 12:56:33 rcortes- kernel: sit: IPv6, IPv4 and MPLS over IPv4 tunneling driver
Jun  3 12:56:33 rcortes- kernel: NET: Registered PF_PACKET protocol family
Jun  3 12:56:33 rcortes- kernel: 9pnet: Installing 9P2000 support
Jun  3 12:56:33 rcortes- kernel: Key type dns_resolver registered
Jun  3 12:56:33 rcortes- kernel: IPI shorthand broadcast: enabled
Jun  3 12:56:33 rcortes- kernel: sched_clock: Marking stable (1536224238, 15128097)->(1552692146, -1339811)
Jun  3 12:56:33 rcortes- kernel: registered taskstats version 1
Jun  3 12:56:33 rcortes- kernel: Loading compiled-in X.509 certificates
Jun  3 12:56:33 rcortes- kernel: input: ImExPS/2 Generic Explorer Mouse as /devices/platform/i8042/serio1/input/input5
Jun  3 12:56:33 rcortes- kernel: Demotion targets for Node 0: null
Jun  3 12:56:33 rcortes- kernel: PM:   Magic number: 13:175:931
Jun  3 12:56:33 rcortes- kernel: printk: legacy console [netcon0] enabled
Jun  3 12:56:33 rcortes- kernel: netconsole: network logging started
Jun  3 12:56:33 rcortes- kernel: cfg80211: Loading compiled-in X.509 certificates for regulatory database
Jun  3 12:56:33 rcortes- kernel: kworker/u8:3 (62) used greatest stack depth: 14960 bytes left
Jun  3 12:56:33 rcortes- kernel: Loaded X.509 cert 'sforshee: 00b28ddf47aef9cea7'
Jun  3 12:56:33 rcortes- kernel: Loaded X.509 cert 'wens: 61c038651aabdcf94bd0ac7ff06c7248db18c600'
Jun  3 12:56:33 rcortes- kernel: ALSA device list:
Jun  3 12:56:33 rcortes- kernel: platform regulatory.0: Direct firmware load for regulatory.db failed with error -2
Jun  3 12:56:33 rcortes- kernel: cfg80211: failed to load regulatory.db
Jun  3 12:56:33 rcortes- kernel:   No soundcards found.
Jun  3 12:56:33 rcortes- kernel: md: Waiting for all devices to be available before autodetect
Jun  3 12:56:33 rcortes- kernel: md: If you don't use raid, use raid=noautodetect
Jun  3 12:56:33 rcortes- kernel: md: Autodetecting RAID arrays.
Jun  3 12:56:33 rcortes- kernel: md: autorun ...
Jun  3 12:56:33 rcortes- kernel: md: ... autorun DONE.
Jun  3 12:56:33 rcortes- kernel: EXT4-fs (sdb1): mounted filesystem 2d8018d2-b379-4874-94f0-cb76bc914e94 ro with ordered data mode. Quota mode: none.
Jun  3 12:56:33 rcortes- kernel: VFS: Mounted root (ext4 filesystem) readonly on device 8:17.
Jun  3 12:56:33 rcortes- kernel: devtmpfs: mounted
Jun  3 12:56:33 rcortes- kernel: Freeing unused kernel image (initmem) memory: 2764K
Jun  3 12:56:33 rcortes- kernel: Write protecting the kernel read-only data: 26624k
Jun  3 12:56:33 rcortes- kernel: Freeing unused kernel image (rodata/data gap) memory: 948K
Jun  3 12:56:33 rcortes- kernel: x86/mm: Checked W+X mappings: passed, no W+X pages found.
Jun  3 12:56:33 rcortes- kernel: Run /sbin/init as init process
Jun  3 12:56:33 rcortes- kernel:   with arguments:
Jun  3 12:56:33 rcortes- kernel:     /sbin/init
Jun  3 12:56:33 rcortes- kernel:   with environment:
Jun  3 12:56:33 rcortes- kernel:     HOME=/
Jun  3 12:56:33 rcortes- kernel:     TERM=linux
Jun  3 12:56:33 rcortes- kernel:     BOOT_IMAGE=/vmlinuz-6.13.4-lfs-12.3
Jun  3 12:56:33 rcortes- kernel: stty (70) used greatest stack depth: 13616 bytes left
Jun  3 12:56:33 rcortes- kernel: dmesg (71) used greatest stack depth: 13424 bytes left
Jun  3 12:56:33 rcortes- kernel: mountpoint (76) used greatest stack depth: 13208 bytes left
Jun  3 12:56:33 rcortes- kernel: sed (83) used greatest stack depth: 12936 bytes left
Jun  3 12:56:33 rcortes- kernel: usb 1-1: new full-speed USB device number 2 using ohci-pci
Jun  3 12:56:34 rcortes- kernel: usb 1-1: New USB device found, idVendor=80ee, idProduct=0021, bcdDevice= 1.00
Jun  3 12:56:34 rcortes- kernel: usb 1-1: New USB device strings: Mfr=1, Product=3, SerialNumber=0
Jun  3 12:56:34 rcortes- kernel: usb 1-1: Product: USB Tablet
Jun  3 12:56:34 rcortes- kernel: usb 1-1: Manufacturer: VirtualBox
Jun  3 12:56:34 rcortes- kernel: input: VirtualBox USB Tablet as /devices/pci0000:00/0000:00:06.0/usb1/1-1/1-1:1.0/0003:80EE:0021.0001/input/input6
Jun  3 12:56:34 rcortes- kernel: hid-generic 0003:80EE:0021.0001: input,hidraw0: USB HID v1.10 Mouse [VirtualBox USB Tablet] on usb-0000:00:06.0-1/input0
Jun  3 12:56:34 rcortes- kernel: e1000 0000:00:03.0 enp0s3: renamed from eth0
Jun  3 12:56:34 rcortes- kernel: Adding 2097148k swap on /dev/sdb3.  Priority:1 extents:1 across:2097148k 
Jun  3 12:56:34 rcortes- kernel: EXT4-fs (sdb1): re-mounted 2d8018d2-b379-4874-94f0-cb76bc914e94 ro. Quota mode: none.
Jun  3 12:56:34 rcortes- kernel: EXT4-fs (sdb1): re-mounted 2d8018d2-b379-4874-94f0-cb76bc914e94 r/w. Quota mode: none.
Jun  3 12:56:34 rcortes- kernel: EXT4-fs (sdb2): mounted filesystem 7f892e95-14fb-4dae-bd59-7e6121b54771 r/w with ordered data mode. Quota mode: none.
Jun  3 12:56:37 rcortes- kernel: e1000: enp0s3 NIC Link is Up 1000 Mbps Full Duplex, Flow Control: RX
Jun  3 12:56:40 rcortes- kernel: (udev-worker) (213) used greatest stack depth: 12488 bytes left
Jun  3 21:12:01 rcortes- kernel: Linux version 6.13.4 (root@ftlinuxrcortes) (gcc (GCC) 14.2.0, GNU ld (GNU Binutils) 2.44) #1 SMP PREEMPT_DYNAMIC Tue Jun  3 11:54:35 CEST 2025
Jun  3 21:12:01 rcortes- kernel: Command line: BOOT_IMAGE=/vmlinuz-6.13.4-lfs-12.3 root=/dev/sdb1 ro
Jun  3 21:12:01 rcortes- kernel: [Firmware Bug]: TSC doesn't count with P0 frequency!
Jun  3 21:12:01 rcortes- kernel: BIOS-provided physical RAM map:
Jun  3 21:12:01 rcortes- kernel: BIOS-e820: [mem 0x0000000000000000-0x000000000009fbff] usable
Jun  3 21:12:01 rcortes- kernel: BIOS-e820: [mem 0x000000000009fc00-0x000000000009ffff] reserved
Jun  3 21:12:01 rcortes- kernel: BIOS-e820: [mem 0x00000000000f0000-0x00000000000fffff] reserved
Jun  3 21:12:01 rcortes- kernel: BIOS-e820: [mem 0x0000000000100000-0x000000007ffeffff] usable
Jun  3 21:12:01 rcortes- kernel: BIOS-e820: [mem 0x000000007fff0000-0x000000007fffffff] ACPI data
Jun  3 21:12:01 rcortes- kernel: BIOS-e820: [mem 0x00000000fec00000-0x00000000fec00fff] reserved
Jun  3 21:12:01 rcortes- kernel: BIOS-e820: [mem 0x00000000fee00000-0x00000000fee00fff] reserved
Jun  3 21:12:01 rcortes- kernel: BIOS-e820: [mem 0x00000000fffc0000-0x00000000ffffffff] reserved
Jun  3 21:12:01 rcortes- kernel: NX (Execute Disable) protection: active
Jun  3 21:12:01 rcortes- kernel: APIC: Static calls initialized
Jun  3 21:12:01 rcortes- kernel: SMBIOS 2.5 present.
Jun  3 21:12:01 rcortes- kernel: DMI: innotek GmbH VirtualBox/VirtualBox, BIOS VirtualBox 12/01/2006
Jun  3 21:12:01 rcortes- kernel: DMI: Memory slots populated: 0/0
Jun  3 21:12:01 rcortes- kernel: Hypervisor detected: KVM
Jun  3 21:12:01 rcortes- kernel: kvm-clock: Using msrs 4b564d01 and 4b564d00
Jun  3 21:12:01 rcortes- kernel: kvm-clock: using sched offset of 154887123516 cycles
Jun  3 21:12:01 rcortes- kernel: clocksource: kvm-clock: mask: 0xffffffffffffffff max_cycles: 0x1cd42e4dffb, max_idle_ns: 881590591483 ns
Jun  3 21:12:01 rcortes- kernel: tsc: Detected 3293.734 MHz processor
Jun  3 21:12:01 rcortes- kernel: e820: update [mem 0x00000000-0x00000fff] usable ==> reserved
Jun  3 21:12:01 rcortes- kernel: e820: remove [mem 0x000a0000-0x000fffff] usable
Jun  3 21:12:01 rcortes- kernel: last_pfn = 0x80000 max_arch_pfn = 0x400000000
Jun  3 21:12:01 rcortes- kernel: MTRRs disabled by BIOS
Jun  3 21:12:01 rcortes- kernel: x86/PAT: Configuration [0-7]: WB  WC  UC- UC  WB  WP  UC- WT  
Jun  3 21:12:01 rcortes- kernel: found SMP MP-table at [mem 0x0009fff0-0x0009ffff]
Jun  3 21:12:01 rcortes- kernel: ACPI: Early table checksum verification disabled
Jun  3 21:12:01 rcortes- kernel: ACPI: RSDP 0x00000000000E0000 000024 (v02 VBOX  )
Jun  3 21:12:01 rcortes- kernel: ACPI: XSDT 0x000000007FFF0030 00003C (v01 VBOX   VBOXXSDT 00000001 ASL  00000061)
Jun  3 21:12:01 rcortes- kernel: ACPI: FACP 0x000000007FFF00F0 0000F4 (v04 VBOX   VBOXFACP 00000001 ASL  00000061)
Jun  3 21:12:01 rcortes- kernel: ACPI: DSDT 0x000000007FFF0610 002353 (v02 VBOX   VBOXBIOS 00000002 INTL 20100528)
Jun  3 21:12:01 rcortes- kernel: ACPI: FACS 0x000000007FFF0200 000040
Jun  3 21:12:01 rcortes- last message buffered 1 times
Jun  3 21:12:01 rcortes- kernel: ACPI: APIC 0x000000007FFF0240 00005C (v02 VBOX   VBOXAPIC 00000001 ASL  00000061)
Jun  3 21:12:01 rcortes- kernel: ACPI: SSDT 0x000000007FFF02A0 00036C (v01 VBOX   VBOXCPUT 00000002 INTL 20100528)
Jun  3 21:12:01 rcortes- kernel: ACPI: Reserving FACP table memory at [mem 0x7fff00f0-0x7fff01e3]
Jun  3 21:12:01 rcortes- kernel: ACPI: Reserving DSDT table memory at [mem 0x7fff0610-0x7fff2962]
Jun  3 21:12:01 rcortes- kernel: ACPI: Reserving FACS table memory at [mem 0x7fff0200-0x7fff023f]
Jun  3 21:12:01 rcortes- last message buffered 1 times
Jun  3 21:12:01 rcortes- kernel: ACPI: Reserving APIC table memory at [mem 0x7fff0240-0x7fff029b]
Jun  3 21:12:01 rcortes- kernel: ACPI: Reserving SSDT table memory at [mem 0x7fff02a0-0x7fff060b]
Jun  3 21:12:01 rcortes- kernel: No NUMA configuration found
Jun  3 21:12:01 rcortes- kernel: Faking a node at [mem 0x0000000000000000-0x000000007fffffff]
Jun  3 21:12:01 rcortes- kernel: NODE_DATA(0) allocated [mem 0x7ffec940-0x7ffeffff]
Jun  3 21:12:01 rcortes- kernel: Zone ranges:
Jun  3 21:12:01 rcortes- kernel:   DMA      [mem 0x0000000000001000-0x0000000000ffffff]
Jun  3 21:12:01 rcortes- kernel:   DMA32    [mem 0x0000000001000000-0x000000007fffffff]
Jun  3 21:12:01 rcortes- kernel:   Normal   empty
Jun  3 21:12:01 rcortes- kernel: Movable zone start for each node
Jun  3 21:12:01 rcortes- kernel: Early memory node ranges
Jun  3 21:12:01 rcortes- kernel:   node   0: [mem 0x0000000000001000-0x000000000009efff]
Jun  3 21:12:01 rcortes- kernel:   node   0: [mem 0x0000000000100000-0x000000007ffeffff]
Jun  3 21:12:01 rcortes- kernel: Initmem setup node 0 [mem 0x0000000000001000-0x000000007ffeffff]
Jun  3 21:12:01 rcortes- kernel: On node 0, zone DMA: 1 pages in unavailable ranges
Jun  3 21:12:01 rcortes- kernel: On node 0, zone DMA: 97 pages in unavailable ranges
Jun  3 21:12:01 rcortes- kernel: On node 0, zone DMA32: 16 pages in unavailable ranges
Jun  3 21:12:01 rcortes- kernel: ACPI: PM-Timer IO Port: 0x4008
Jun  3 21:12:01 rcortes- kernel: IOAPIC[0]: apic_id 2, version 32, address 0xfec00000, GSI 0-23
Jun  3 21:12:01 rcortes- kernel: ACPI: INT_SRC_OVR (bus 0 bus_irq 0 global_irq 2 dfl dfl)
Jun  3 21:12:01 rcortes- kernel: ACPI: INT_SRC_OVR (bus 0 bus_irq 9 global_irq 9 low level)
Jun  3 21:12:01 rcortes- kernel: ACPI: Using ACPI (MADT) for SMP configuration information
Jun  3 21:12:01 rcortes- kernel: CPU topo: Max. logical packages:   1
Jun  3 21:12:01 rcortes- kernel: CPU topo: Max. logical dies:       1
Jun  3 21:12:01 rcortes- kernel: CPU topo: Max. dies per package:   1
Jun  3 21:12:01 rcortes- kernel: CPU topo: Max. threads per core:   1
Jun  3 21:12:01 rcortes- kernel: CPU topo: Num. cores per package:     2
Jun  3 21:12:01 rcortes- kernel: CPU topo: Num. threads per package:   2
Jun  3 21:12:01 rcortes- kernel: CPU topo: Allowing 2 present CPUs plus 0 hotplug CPUs
Jun  3 21:12:01 rcortes- kernel: PM: hibernation: Registered nosave memory: [mem 0x00000000-0x00000fff]
Jun  3 21:12:01 rcortes- kernel: PM: hibernation: Registered nosave memory: [mem 0x0009f000-0x0009ffff]
Jun  3 21:12:01 rcortes- kernel: PM: hibernation: Registered nosave memory: [mem 0x000a0000-0x000effff]
Jun  3 21:12:01 rcortes- kernel: PM: hibernation: Registered nosave memory: [mem 0x000f0000-0x000fffff]
Jun  3 21:12:01 rcortes- kernel: PM: hibernation: Registered nosave memory: [mem 0x7fff0000-0x7fffffff]
Jun  3 21:12:01 rcortes- kernel: [mem 0x80000000-0xfebfffff] available for PCI devices
Jun  3 21:12:01 rcortes- kernel: Booting paravirtualized kernel on KVM
Jun  3 21:12:01 rcortes- kernel: clocksource: refined-jiffies: mask: 0xffffffff max_cycles: 0xffffffff, max_idle_ns: 1910969940391419 ns
Jun  3 21:12:01 rcortes- kernel: setup_percpu: NR_CPUS:64 nr_cpumask_bits:2 nr_cpu_ids:2 nr_node_ids:1
Jun  3 21:12:01 rcortes- kernel: percpu: Embedded 56 pages/cpu s191576 r8192 d29608 u1048576
Jun  3 21:12:01 rcortes- kernel: pcpu-alloc: s191576 r8192 d29608 u1048576 alloc=1*2097152
Jun  3 21:12:01 rcortes- kernel: pcpu-alloc: [0] 0 1 
Jun  3 21:12:01 rcortes- kernel: Kernel command line: BOOT_IMAGE=/vmlinuz-6.13.4-lfs-12.3 root=/dev/sdb1 ro
Jun  3 21:12:01 rcortes- kernel: Unknown kernel command line parameters "BOOT_IMAGE=/vmlinuz-6.13.4-lfs-12.3", will be passed to user space.
Jun  3 21:12:01 rcortes- kernel: random: crng init done
Jun  3 21:12:01 rcortes- kernel: printk: log buffer data + meta data: 262144 + 917504 = 1179648 bytes
Jun  3 21:12:01 rcortes- kernel: Dentry cache hash table entries: 262144 (order: 9, 2097152 bytes, linear)
Jun  3 21:12:01 rcortes- kernel: Inode-cache hash table entries: 131072 (order: 8, 1048576 bytes, linear)
Jun  3 21:12:01 rcortes- kernel: Fallback order for Node 0: 0 
Jun  3 21:12:01 rcortes- kernel: Built 1 zonelists, mobility grouping on.  Total pages: 524174
Jun  3 21:12:01 rcortes- kernel: Policy zone: DMA32
Jun  3 21:12:01 rcortes- kernel: mem auto-init: stack:all(zero), heap alloc:off, heap free:off
Jun  3 21:12:01 rcortes- kernel: SLUB: HWalign=64, Order=0-3, MinObjects=0, CPUs=2, Nodes=1
Jun  3 21:12:01 rcortes- kernel: Dynamic Preempt: voluntary
Jun  3 21:12:01 rcortes- kernel: rcu: Preemptible hierarchical RCU implementation.
Jun  3 21:12:01 rcortes- kernel: rcu: \x09RCU event tracing is enabled.
Jun  3 21:12:01 rcortes- kernel: rcu: \x09RCU restricting CPUs from NR_CPUS=64 to nr_cpu_ids=2.
Jun  3 21:12:01 rcortes- kernel: \x09Trampoline variant of Tasks RCU enabled.
Jun  3 21:12:01 rcortes- kernel: \x09Tracing variant of Tasks RCU enabled.
Jun  3 21:12:01 rcortes- kernel: rcu: RCU calculated value of scheduler-enlistment delay is 100 jiffies.
Jun  3 21:12:01 rcortes- kernel: rcu: Adjusting geometry for rcu_fanout_leaf=16, nr_cpu_ids=2
Jun  3 21:12:01 rcortes- kernel: RCU Tasks: Setting shift to 1 and lim to 1 rcu_task_cb_adjust=1 rcu_task_cpu_ids=2.
Jun  3 21:12:01 rcortes- kernel: RCU Tasks Trace: Setting shift to 1 and lim to 1 rcu_task_cb_adjust=1 rcu_task_cpu_ids=2.
Jun  3 21:12:01 rcortes- kernel: NR_IRQS: 4352, nr_irqs: 440, preallocated irqs: 16
Jun  3 21:12:01 rcortes- kernel: rcu: srcu_init: Setting srcu_struct sizes based on contention.
Jun  3 21:12:01 rcortes- kernel: Console: colour dummy device 80x25
Jun  3 21:12:01 rcortes- kernel: printk: legacy console [tty0] enabled
Jun  3 21:12:01 rcortes- kernel: ACPI: Core revision 20240827
Jun  3 21:12:01 rcortes- kernel: APIC: Switch to symmetric I/O mode setup
Jun  3 21:12:01 rcortes- kernel: ..TIMER: vector=0x30 apic1=0 pin1=2 apic2=-1 pin2=-1
Jun  3 21:12:01 rcortes- kernel: clocksource: tsc-early: mask: 0xffffffffffffffff max_cycles: 0x2f7a2ce67a6, max_idle_ns: 440795284468 ns
Jun  3 21:12:01 rcortes- kernel: Calibrating delay loop (skipped) preset value.. 6587.46 BogoMIPS (lpj=3293734)
Jun  3 21:12:01 rcortes- kernel: Last level iTLB entries: 4KB 512, 2MB 512, 4MB 256
Jun  3 21:12:01 rcortes- kernel: Last level dTLB entries: 4KB 2048, 2MB 2048, 4MB 1024, 1GB 0
Jun  3 21:12:01 rcortes- kernel: Spectre V1 : Mitigation: usercopy/swapgs barriers and __user pointer sanitization
Jun  3 21:12:01 rcortes- kernel: Spectre V2 : Mitigation: Retpolines
Jun  3 21:12:01 rcortes- kernel: Spectre V2 : Spectre v2 / SpectreRSB mitigation: Filling RSB on context switch
Jun  3 21:12:01 rcortes- kernel: Spectre V2 : Spectre v2 / SpectreRSB : Filling RSB on VMEXIT
Jun  3 21:12:01 rcortes- kernel: Speculative Return Stack Overflow: IBPB-extending microcode not applied!
Jun  3 21:12:01 rcortes- kernel: Speculative Return Stack Overflow: WARNING: See https://kernel.org/doc/html/latest/admin-guide/hw-vuln/srso.html for mitigation options.
Jun  3 21:12:01 rcortes- kernel: Speculative Return Stack Overflow: Vulnerable: Safe RET, no microcode
Jun  3 21:12:01 rcortes- kernel: x86/fpu: x87 FPU will use FXSAVE
Jun  3 21:12:01 rcortes- kernel: Freeing SMP alternatives memory: 48K
Jun  3 21:12:01 rcortes- kernel: pid_max: default: 32768 minimum: 301
Jun  3 21:12:01 rcortes- kernel: LSM: initializing lsm=capability,selinux
Jun  3 21:12:01 rcortes- kernel: SELinux:  Initializing.
Jun  3 21:12:01 rcortes- kernel: Mount-cache hash table entries: 4096 (order: 3, 32768 bytes, linear)
Jun  3 21:12:01 rcortes- kernel: Mountpoint-cache hash table entries: 4096 (order: 3, 32768 bytes, linear)
Jun  3 21:12:01 rcortes- kernel: APIC calibration not consistent with PM-Timer: 137ms instead of 100ms
Jun  3 21:12:01 rcortes- kernel: APIC delta adjusted to PM-Timer: 6287338 (8623684)
Jun  3 21:12:01 rcortes- kernel: smpboot: CPU0: AMD Ryzen 5 5600H with Radeon Graphics (family: 0x19, model: 0x50, stepping: 0x0)
Jun  3 21:12:01 rcortes- kernel: Performance Events: PMU not available due to virtualization, using software events only.
Jun  3 21:12:01 rcortes- kernel: signal: max sigframe size: 1440
Jun  3 21:12:01 rcortes- kernel: rcu: Hierarchical SRCU implementation.
Jun  3 21:12:01 rcortes- kernel: rcu: \x09Max phase no-delay instances is 400.
Jun  3 21:12:01 rcortes- kernel: Timer migration: 1 hierarchy levels; 8 children per group; 1 crossnode level
Jun  3 21:12:01 rcortes- kernel: smp: Bringing up secondary CPUs ...
Jun  3 21:12:01 rcortes- kernel: smpboot: x86: Booting SMP configuration:
Jun  3 21:12:01 rcortes- kernel: .... node  #0, CPUs:      #1
Jun  3 21:12:01 rcortes- kernel: TSC synchronization [CPU#0 -> CPU#1]:
Jun  3 21:12:01 rcortes- kernel: Measured 150281 cycles TSC warp between CPUs, turning off TSC clock.
Jun  3 21:12:01 rcortes- kernel: tsc: Marking TSC unstable due to check_tsc_sync_source failed
Jun  3 21:12:01 rcortes- kernel: smp: Brought up 1 node, 2 CPUs
Jun  3 21:12:01 rcortes- kernel: smpboot: Total of 2 processors activated (13174.93 BogoMIPS)
Jun  3 21:12:01 rcortes- kernel: Memory: 2017068K/2096696K available (18432K kernel code, 2874K rwdata, 7244K rodata, 2764K init, 832K bss, 75924K reserved, 0K cma-reserved)
Jun  3 21:12:01 rcortes- kernel: devtmpfs: initialized
Jun  3 21:12:01 rcortes- kernel: clocksource: jiffies: mask: 0xffffffff max_cycles: 0xffffffff, max_idle_ns: 1911260446275000 ns
Jun  3 21:12:01 rcortes- kernel: futex hash table entries: 512 (order: 3, 32768 bytes, linear)
Jun  3 21:12:01 rcortes- kernel: PM: RTC time: 19:12:02, date: 2025-06-03
Jun  3 21:12:01 rcortes- kernel: NET: Registered PF_NETLINK/PF_ROUTE protocol family
Jun  3 21:12:01 rcortes- kernel: audit: initializing netlink subsys (disabled)
Jun  3 21:12:01 rcortes- kernel: thermal_sys: Registered thermal governor 'step_wise'
Jun  3 21:12:01 rcortes- kernel: thermal_sys: Registered thermal governor 'user_space'
Jun  3 21:12:01 rcortes- kernel: cpuidle: using governor menu
Jun  3 21:12:01 rcortes- kernel: audit: type=2000 audit(1748978078.243:1): state=initialized audit_enabled=0 res=1
Jun  3 21:12:01 rcortes- kernel: PCI: Using configuration type 1 for base access
Jun  3 21:12:01 rcortes- kernel: PCI: Using configuration type 1 for extended access
Jun  3 21:12:01 rcortes- kernel: kprobes: kprobe jump-optimization is enabled. All kprobes are optimized if possible.
Jun  3 21:12:01 rcortes- kernel: HugeTLB: registered 2.00 MiB page size, pre-allocated 0 pages
Jun  3 21:12:01 rcortes- kernel: HugeTLB: 28 KiB vmemmap can be freed for a 2.00 MiB page
Jun  3 21:12:01 rcortes- kernel: ACPI: Added _OSI(Module Device)
Jun  3 21:12:01 rcortes- kernel: ACPI: Added _OSI(Processor Device)
Jun  3 21:12:01 rcortes- kernel: ACPI: Added _OSI(3.0 _SCP Extensions)
Jun  3 21:12:01 rcortes- kernel: ACPI: Added _OSI(Processor Aggregator Device)
Jun  3 21:12:01 rcortes- kernel: ACPI: 2 ACPI AML tables successfully acquired and loaded
Jun  3 21:12:01 rcortes- kernel: ACPI: Interpreter enabled
Jun  3 21:12:01 rcortes- kernel: ACPI: PM: (supports S0 S5)
Jun  3 21:12:01 rcortes- kernel: ACPI: Using IOAPIC for interrupt routing
Jun  3 21:12:01 rcortes- kernel: PCI: Using host bridge windows from ACPI; if necessary, use "pci=nocrs" and report a bug
Jun  3 21:12:01 rcortes- kernel: PCI: Using E820 reservations for host bridge windows
Jun  3 21:12:01 rcortes- kernel: ACPI: Enabled 2 GPEs in block 00 to 07
Jun  3 21:12:01 rcortes- kernel: ACPI: PCI Root Bridge [PCI0] (domain 0000 [bus 00-ff])
Jun  3 21:12:01 rcortes- kernel: acpi PNP0A03:00: _OSC: OS supports [ExtendedConfig ASPM ClockPM Segments MSI HPX-Type3]
Jun  3 21:12:01 rcortes- kernel: acpi PNP0A03:00: _OSC: platform does not support [PCIeCapability LTR]
Jun  3 21:12:01 rcortes- kernel: acpi PNP0A03:00: _OSC: not requesting control; platform does not support [PCIeCapability]
Jun  3 21:12:01 rcortes- kernel: acpi PNP0A03:00: _OSC: OS requested [PME PCIeCapability LTR]
Jun  3 21:12:01 rcortes- kernel: acpi PNP0A03:00: _OSC: platform willing to grant [PME]
Jun  3 21:12:01 rcortes- kernel: acpi PNP0A03:00: _OSC: platform retains control of PCIe features (AE_SUPPORT)
Jun  3 21:12:01 rcortes- kernel: PCI host bridge to bus 0000:00
Jun  3 21:12:01 rcortes- kernel: pci_bus 0000:00: root bus resource [io  0x0000-0x0cf7 window]
Jun  3 21:12:01 rcortes- kernel: pci_bus 0000:00: root bus resource [io  0x0d00-0xffff window]
Jun  3 21:12:01 rcortes- kernel: pci_bus 0000:00: root bus resource [mem 0x000a0000-0x000bffff window]
Jun  3 21:12:01 rcortes- kernel: pci_bus 0000:00: root bus resource [mem 0x80000000-0xfdffffff window]
Jun  3 21:12:01 rcortes- kernel: pci_bus 0000:00: root bus resource [bus 00-ff]
Jun  3 21:12:01 rcortes- kernel: pci 0000:00:00.0: [8086:1237] type 00 class 0x060000 conventional PCI endpoint
Jun  3 21:12:01 rcortes- kernel: pci 0000:00:01.0: [8086:7000] type 00 class 0x060100 conventional PCI endpoint
Jun  3 21:12:01 rcortes- kernel: pci 0000:00:01.1: [8086:7111] type 00 class 0x01018a conventional PCI endpoint
Jun  3 21:12:01 rcortes- kernel: pci 0000:00:01.1: BAR 4 [io  0xd000-0xd00f]
Jun  3 21:12:01 rcortes- kernel: pci 0000:00:01.1: BAR 0 [io  0x01f0-0x01f7]: legacy IDE quirk
Jun  3 21:12:01 rcortes- kernel: pci 0000:00:01.1: BAR 1 [io  0x03f6]: legacy IDE quirk
Jun  3 21:12:01 rcortes- kernel: pci 0000:00:01.1: BAR 2 [io  0x0170-0x0177]: legacy IDE quirk
Jun  3 21:12:01 rcortes- kernel: pci 0000:00:01.1: BAR 3 [io  0x0376]: legacy IDE quirk
Jun  3 21:12:01 rcortes- kernel: pci 0000:00:02.0: [15ad:0405] type 00 class 0x030000 conventional PCI endpoint
Jun  3 21:12:01 rcortes- kernel: pci 0000:00:02.0: BAR 0 [io  0xd010-0xd01f]
Jun  3 21:12:01 rcortes- kernel: pci 0000:00:02.0: BAR 1 [mem 0xe0000000-0xe0ffffff pref]
Jun  3 21:12:01 rcortes- kernel: pci 0000:00:02.0: BAR 2 [mem 0xf0000000-0xf01fffff]
Jun  3 21:12:01 rcortes- kernel: pci 0000:00:02.0: Video device with shadowed ROM at [mem 0x000c0000-0x000dffff]
Jun  3 21:12:01 rcortes- kernel: pci 0000:00:03.0: [8086:100e] type 00 class 0x020000 conventional PCI endpoint
Jun  3 21:12:01 rcortes- kernel: pci 0000:00:03.0: BAR 0 [mem 0xf0200000-0xf021ffff]
Jun  3 21:12:01 rcortes- kernel: pci 0000:00:03.0: BAR 2 [io  0xd020-0xd027]
Jun  3 21:12:01 rcortes- kernel: pci 0000:00:04.0: [80ee:cafe] type 00 class 0x088000 conventional PCI endpoint
Jun  3 21:12:01 rcortes- kernel: pci 0000:00:04.0: BAR 0 [io  0xd040-0xd05f]
Jun  3 21:12:01 rcortes- kernel: pci 0000:00:04.0: BAR 1 [mem 0xf0400000-0xf07fffff]
Jun  3 21:12:01 rcortes- kernel: pci 0000:00:04.0: BAR 2 [mem 0xf0800000-0xf0803fff pref]
Jun  3 21:12:01 rcortes- kernel: pci 0000:00:05.0: [8086:2415] type 00 class 0x040100 conventional PCI endpoint
Jun  3 21:12:01 rcortes- kernel: pci 0000:00:05.0: BAR 0 [io  0xd100-0xd1ff]
Jun  3 21:12:01 rcortes- kernel: pci 0000:00:05.0: BAR 1 [io  0xd200-0xd23f]
Jun  3 21:12:01 rcortes- kernel: pci 0000:00:06.0: [106b:003f] type 00 class 0x0c0310 conventional PCI endpoint
Jun  3 21:12:01 rcortes- kernel: pci 0000:00:06.0: BAR 0 [mem 0xf0804000-0xf0804fff]
Jun  3 21:12:01 rcortes- kernel: pci 0000:00:07.0: [8086:7113] type 00 class 0x068000 conventional PCI endpoint
Jun  3 21:12:01 rcortes- kernel: pci 0000:00:07.0: quirk: [io  0x4000-0x403f] claimed by PIIX4 ACPI
Jun  3 21:12:01 rcortes- kernel: pci 0000:00:07.0: quirk: [io  0x4100-0x410f] claimed by PIIX4 SMB
Jun  3 21:12:01 rcortes- kernel: pci 0000:00:0b.0: [8086:265c] type 00 class 0x0c0320 conventional PCI endpoint
Jun  3 21:12:01 rcortes- kernel: pci 0000:00:0b.0: BAR 0 [mem 0xf0805000-0xf0805fff]
Jun  3 21:12:01 rcortes- kernel: pci 0000:00:0d.0: [8086:2829] type 00 class 0x010601 conventional PCI endpoint
Jun  3 21:12:01 rcortes- kernel: pci 0000:00:0d.0: BAR 0 [io  0xd240-0xd247]
Jun  3 21:12:01 rcortes- kernel: pci 0000:00:0d.0: BAR 1 [io  0xd248-0xd24b]
Jun  3 21:12:01 rcortes- kernel: pci 0000:00:0d.0: BAR 2 [io  0xd250-0xd257]
Jun  3 21:12:01 rcortes- kernel: pci 0000:00:0d.0: BAR 3 [io  0xd258-0xd25b]
Jun  3 21:12:01 rcortes- kernel: pci 0000:00:0d.0: BAR 4 [io  0xd260-0xd26f]
Jun  3 21:12:01 rcortes- kernel: pci 0000:00:0d.0: BAR 5 [mem 0xf0806000-0xf0807fff]
Jun  3 21:12:01 rcortes- kernel: ACPI: PCI: Interrupt link LNKA configured for IRQ 11
Jun  3 21:12:01 rcortes- kernel: ACPI: PCI: Interrupt link LNKB configured for IRQ 10
Jun  3 21:12:01 rcortes- kernel: ACPI: PCI: Interrupt link LNKC configured for IRQ 9
Jun  3 21:12:01 rcortes- kernel: ACPI: PCI: Interrupt link LNKD configured for IRQ 11
Jun  3 21:12:01 rcortes- kernel: iommu: Default domain type: Translated
Jun  3 21:12:01 rcortes- kernel: iommu: DMA domain TLB invalidation policy: lazy mode
Jun  3 21:12:01 rcortes- kernel: SCSI subsystem initialized
Jun  3 21:12:01 rcortes- kernel: libata version 3.00 loaded.
Jun  3 21:12:01 rcortes- kernel: ACPI: bus type USB registered
Jun  3 21:12:01 rcortes- kernel: usbcore: registered new interface driver usbfs
Jun  3 21:12:01 rcortes- kernel: usbcore: registered new interface driver hub
Jun  3 21:12:01 rcortes- kernel: usbcore: registered new device driver usb
Jun  3 21:12:01 rcortes- kernel: pps_core: LinuxPPS API ver. 1 registered
Jun  3 21:12:01 rcortes- kernel: pps_core: Software ver. 5.3.6 - Copyright 2005-2007 Rodolfo Giometti <giometti@linux.it>
Jun  3 21:12:01 rcortes- kernel: PTP clock support registered
Jun  3 21:12:01 rcortes- kernel: Advanced Linux Sound Architecture Driver Initialized.
Jun  3 21:12:01 rcortes- kernel: NetLabel: Initializing
Jun  3 21:12:01 rcortes- kernel: NetLabel:  domain hash size = 128
Jun  3 21:12:01 rcortes- kernel: NetLabel:  protocols = UNLABELED CIPSOv4 CALIPSO
Jun  3 21:12:01 rcortes- kernel: NetLabel:  unlabeled traffic allowed by default
Jun  3 21:12:01 rcortes- kernel: PCI: Using ACPI for IRQ routing
Jun  3 21:12:01 rcortes- kernel: PCI: pci_cache_line_size set to 64 bytes
Jun  3 21:12:01 rcortes- kernel: e820: reserve RAM buffer [mem 0x0009fc00-0x0009ffff]
Jun  3 21:12:01 rcortes- kernel: e820: reserve RAM buffer [mem 0x7fff0000-0x7fffffff]
Jun  3 21:12:01 rcortes- kernel: pci 0000:00:02.0: vgaarb: setting as boot VGA device
Jun  3 21:12:01 rcortes- kernel: pci 0000:00:02.0: vgaarb: bridge control possible
Jun  3 21:12:01 rcortes- kernel: pci 0000:00:02.0: vgaarb: VGA device added: decodes=io+mem,owns=io+mem,locks=none
Jun  3 21:12:01 rcortes- kernel: vgaarb: loaded
Jun  3 21:12:01 rcortes- kernel: clocksource: Switched to clocksource kvm-clock
Jun  3 21:12:01 rcortes- kernel: VFS: Disk quotas dquot_6.6.0
Jun  3 21:12:01 rcortes- kernel: VFS: Dquot-cache hash table entries: 512 (order 0, 4096 bytes)
Jun  3 21:12:01 rcortes- kernel: pnp: PnP ACPI init
Jun  3 21:12:01 rcortes- kernel: pnp: PnP ACPI: found 2 devices
Jun  3 21:12:01 rcortes- kernel: clocksource: acpi_pm: mask: 0xffffff max_cycles: 0xffffff, max_idle_ns: 2085701024 ns
Jun  3 21:12:01 rcortes- kernel: NET: Registered PF_INET protocol family
Jun  3 21:12:01 rcortes- kernel: IP idents hash table entries: 32768 (order: 6, 262144 bytes, linear)
Jun  3 21:12:01 rcortes- kernel: tcp_listen_portaddr_hash hash table entries: 1024 (order: 2, 16384 bytes, linear)
Jun  3 21:12:01 rcortes- kernel: Table-perturb hash table entries: 65536 (order: 6, 262144 bytes, linear)
Jun  3 21:12:01 rcortes- kernel: TCP established hash table entries: 16384 (order: 5, 131072 bytes, linear)
Jun  3 21:12:01 rcortes- kernel: TCP bind hash table entries: 16384 (order: 7, 524288 bytes, linear)
Jun  3 21:12:01 rcortes- kernel: TCP: Hash tables configured (established 16384 bind 16384)
Jun  3 21:12:01 rcortes- kernel: UDP hash table entries: 1024 (order: 4, 65536 bytes, linear)
Jun  3 21:12:01 rcortes- kernel: UDP-Lite hash table entries: 1024 (order: 4, 65536 bytes, linear)
Jun  3 21:12:01 rcortes- kernel: NET: Registered PF_UNIX/PF_LOCAL protocol family
Jun  3 21:12:01 rcortes- kernel: RPC: Registered named UNIX socket transport module.
Jun  3 21:12:01 rcortes- kernel: RPC: Registered udp transport module.
Jun  3 21:12:01 rcortes- kernel: RPC: Registered tcp transport module.
Jun  3 21:12:01 rcortes- kernel: RPC: Registered tcp-with-tls transport module.
Jun  3 21:12:01 rcortes- kernel: RPC: Registered tcp NFSv4.1 backchannel transport module.
Jun  3 21:12:01 rcortes- kernel: pci_bus 0000:00: resource 4 [io  0x0000-0x0cf7 window]
Jun  3 21:12:01 rcortes- kernel: pci_bus 0000:00: resource 5 [io  0x0d00-0xffff window]
Jun  3 21:12:01 rcortes- kernel: pci_bus 0000:00: resource 6 [mem 0x000a0000-0x000bffff window]
Jun  3 21:12:01 rcortes- kernel: pci_bus 0000:00: resource 7 [mem 0x80000000-0xfdffffff window]
Jun  3 21:12:01 rcortes- kernel: pci 0000:00:00.0: Limiting direct PCI/PCI transfers
Jun  3 21:12:01 rcortes- kernel: PCI: CLS 0 bytes, default 64
Jun  3 21:12:01 rcortes- kernel: platform rtc_cmos: registered platform RTC device (no PNP device found)
Jun  3 21:12:01 rcortes- kernel: Initialise system trusted keyrings
Jun  3 21:12:01 rcortes- kernel: workingset: timestamp_bits=40 max_order=19 bucket_order=0
Jun  3 21:12:01 rcortes- kernel: NFS: Registering the id_resolver key type
Jun  3 21:12:01 rcortes- kernel: Key type id_resolver registered
Jun  3 21:12:01 rcortes- kernel: Key type id_legacy registered
Jun  3 21:12:01 rcortes- kernel: 9p: Installing v9fs 9p2000 file system support
Jun  3 21:12:01 rcortes- kernel: Key type asymmetric registered
Jun  3 21:12:01 rcortes- kernel: Asymmetric key parser 'x509' registered
Jun  3 21:12:01 rcortes- kernel: Block layer SCSI generic (bsg) driver version 0.4 loaded (major 251)
Jun  3 21:12:01 rcortes- kernel: io scheduler mq-deadline registered
Jun  3 21:12:01 rcortes- kernel: io scheduler kyber registered
Jun  3 21:12:01 rcortes- kernel: ACPI: AC: AC Adapter [AC] (off-line)
Jun  3 21:12:01 rcortes- kernel: input: Power Button as /devices/LNXSYSTM:00/LNXPWRBN:00/input/input0
Jun  3 21:12:01 rcortes- kernel: ACPI: button: Power Button [PWRF]
Jun  3 21:12:01 rcortes- kernel: input: Sleep Button as /devices/LNXSYSTM:00/LNXSLPBN:00/input/input1
Jun  3 21:12:01 rcortes- kernel: ACPI: button: Sleep Button [SLPF]
Jun  3 21:12:01 rcortes- kernel: ACPI: video: Video Device [GFX0] (multi-head: yes  rom: no  post: no)
Jun  3 21:12:01 rcortes- kernel: input: Video Bus as /devices/LNXSYSTM:00/LNXSYBUS:00/PNP0A03:00/LNXVIDEO:00/input/input2
Jun  3 21:12:01 rcortes- kernel: Serial: 8250/16550 driver, 4 ports, IRQ sharing enabled
Jun  3 21:12:01 rcortes- kernel: Non-volatile memory driver v1.3
Jun  3 21:12:01 rcortes- kernel: Linux agpgart interface v0.103
Jun  3 21:12:01 rcortes- kernel: ACPI: bus type drm_connector registered
Jun  3 21:12:01 rcortes- kernel: ACPI: battery: Slot [BAT0] (battery present)
Jun  3 21:12:01 rcortes- kernel: loop: module loaded
Jun  3 21:12:01 rcortes- kernel: ahci 0000:00:0d.0: version 3.0
Jun  3 21:12:01 rcortes- kernel: ahci 0000:00:0d.0: SSS flag set, parallel bus scan disabled
Jun  3 21:12:01 rcortes- kernel: ahci 0000:00:0d.0: AHCI vers 0001.0100, 32 command slots, 3 Gbps, SATA mode
Jun  3 21:12:01 rcortes- kernel: ahci 0000:00:0d.0: 2/2 ports implemented (port mask 0x3)
Jun  3 21:12:01 rcortes- kernel: ahci 0000:00:0d.0: flags: 64bit ncq stag only ccc 
Jun  3 21:12:01 rcortes- kernel: scsi host0: ahci
Jun  3 21:12:01 rcortes- kernel: scsi host1: ahci
Jun  3 21:12:01 rcortes- kernel: ata1: SATA max UDMA/133 abar m8192@0xf0806000 port 0xf0806100 irq 21 lpm-pol 0
Jun  3 21:12:01 rcortes- kernel: ata2: SATA max UDMA/133 abar m8192@0xf0806000 port 0xf0806180 irq 21 lpm-pol 0
Jun  3 21:12:01 rcortes- kernel: ata_piix 0000:00:01.1: version 2.13
Jun  3 21:12:01 rcortes- kernel: scsi host2: ata_piix
Jun  3 21:12:01 rcortes- kernel: scsi host3: ata_piix
Jun  3 21:12:01 rcortes- kernel: ata3: PATA max UDMA/33 cmd 0x1f0 ctl 0x3f6 bmdma 0xd000 irq 14 lpm-pol 0
Jun  3 21:12:01 rcortes- kernel: ata4: PATA max UDMA/33 cmd 0x170 ctl 0x376 bmdma 0xd008 irq 15 lpm-pol 0
Jun  3 21:12:01 rcortes- kernel: e100: Intel(R) PRO/100 Network Driver
Jun  3 21:12:01 rcortes- kernel: e100: Copyright(c) 1999-2006 Intel Corporation
Jun  3 21:12:01 rcortes- kernel: e1000: Intel(R) PRO/1000 Network Driver
Jun  3 21:12:01 rcortes- kernel: e1000: Copyright (c) 1999-2006 Intel Corporation.
Jun  3 21:12:01 rcortes- kernel: ata3.00: ATAPI: VBOX CD-ROM, 1.0, max UDMA/133
Jun  3 21:12:02 rcortes- kernel: ata1: SATA link up 3.0 Gbps (SStatus 123 SControl 300)
Jun  3 21:12:02 rcortes- kernel: ata1.00: ATA-6: VBOX HARDDISK, 1.0, max UDMA/133
Jun  3 21:12:02 rcortes- kernel: ata1.00: 62914560 sectors, multi 128: LBA48 NCQ (depth 32)
Jun  3 21:12:02 rcortes- kernel: ata1.00: configured for UDMA/133
Jun  3 21:12:02 rcortes- kernel: scsi 0:0:0:0: Direct-Access     ATA      VBOX HARDDISK    1.0  PQ: 0 ANSI: 5
Jun  3 21:12:02 rcortes- kernel: sd 0:0:0:0: Attached scsi generic sg0 type 0
Jun  3 21:12:02 rcortes- kernel: sd 0:0:0:0: [sda] 62914560 512-byte logical blocks: (32.2 GB/30.0 GiB)
Jun  3 21:12:02 rcortes- kernel: sd 0:0:0:0: [sda] Write Protect is off
Jun  3 21:12:02 rcortes- kernel: sd 0:0:0:0: [sda] Mode Sense: 00 3a 00 00
Jun  3 21:12:02 rcortes- kernel: sd 0:0:0:0: [sda] Write cache: enabled, read cache: enabled, doesn't support DPO or FUA
Jun  3 21:12:02 rcortes- kernel: sd 0:0:0:0: [sda] Preferred minimum I/O size 512 bytes
Jun  3 21:12:02 rcortes- kernel:  sda: sda1 sda2
Jun  3 21:12:02 rcortes- kernel: sd 0:0:0:0: [sda] Attached SCSI disk
Jun  3 21:12:02 rcortes- kernel: ata2: SATA link up 3.0 Gbps (SStatus 123 SControl 300)
Jun  3 21:12:02 rcortes- kernel: ata2.00: ATA-6: VBOX HARDDISK, 1.0, max UDMA/133
Jun  3 21:12:02 rcortes- kernel: ata2.00: 41943040 sectors, multi 128: LBA48 NCQ (depth 32)
Jun  3 21:12:02 rcortes- kernel: ata2.00: configured for UDMA/133
Jun  3 21:12:02 rcortes- kernel: scsi 1:0:0:0: Direct-Access     ATA      VBOX HARDDISK    1.0  PQ: 0 ANSI: 5
Jun  3 21:12:02 rcortes- kernel: sd 1:0:0:0: Attached scsi generic sg1 type 0
Jun  3 21:12:02 rcortes- kernel: sd 1:0:0:0: [sdb] 41943040 512-byte logical blocks: (21.5 GB/20.0 GiB)
Jun  3 21:12:02 rcortes- kernel: sd 1:0:0:0: [sdb] Write Protect is off
Jun  3 21:12:02 rcortes- kernel: sd 1:0:0:0: [sdb] Mode Sense: 00 3a 00 00
Jun  3 21:12:02 rcortes- kernel: sd 1:0:0:0: [sdb] Write cache: enabled, read cache: enabled, doesn't support DPO or FUA
Jun  3 21:12:02 rcortes- kernel: sd 1:0:0:0: [sdb] Preferred minimum I/O size 512 bytes
Jun  3 21:12:02 rcortes- kernel: scsi 2:0:0:0: CD-ROM            VBOX     CD-ROM           1.0  PQ: 0 ANSI: 5
Jun  3 21:12:02 rcortes- kernel:  sdb: sdb1 sdb2 sdb3
Jun  3 21:12:02 rcortes- kernel: sd 1:0:0:0: [sdb] Attached SCSI disk
Jun  3 21:12:02 rcortes- kernel: sr 2:0:0:0: [sr0] scsi3-mmc drive: 32x/32x xa/form2 tray
Jun  3 21:12:02 rcortes- kernel: cdrom: Uniform CD-ROM driver Revision: 3.20
Jun  3 21:12:02 rcortes- kernel: sr 2:0:0:0: Attached scsi CD-ROM sr0
Jun  3 21:12:02 rcortes- kernel: sr 2:0:0:0: Attached scsi generic sg2 type 5
Jun  3 21:12:02 rcortes- kernel: e1000 0000:00:03.0 eth0: (PCI:33MHz:32-bit) 08:00:27:a7:bd:dc
Jun  3 21:12:02 rcortes- kernel: e1000 0000:00:03.0 eth0: Intel(R) PRO/1000 Network Connection
Jun  3 21:12:02 rcortes- kernel: e1000e: Intel(R) PRO/1000 Network Driver
Jun  3 21:12:02 rcortes- kernel: e1000e: Copyright(c) 1999 - 2015 Intel Corporation.
Jun  3 21:12:02 rcortes- kernel: sky2: driver version 1.30
Jun  3 21:12:02 rcortes- kernel: ehci-pci 0000:00:0b.0: EHCI Host Controller
Jun  3 21:12:02 rcortes- kernel: ehci-pci 0000:00:0b.0: new USB bus registered, assigned bus number 1
Jun  3 21:12:02 rcortes- kernel: ehci-pci 0000:00:0b.0: irq 19, io mem 0xf0805000
Jun  3 21:12:02 rcortes- kernel: ehci-pci 0000:00:0b.0: USB 2.0 started, EHCI 1.00
Jun  3 21:12:02 rcortes- kernel: usb usb1: New USB device found, idVendor=1d6b, idProduct=0002, bcdDevice= 6.13
Jun  3 21:12:02 rcortes- kernel: usb usb1: New USB device strings: Mfr=3, Product=2, SerialNumber=1
Jun  3 21:12:02 rcortes- kernel: usb usb1: Product: EHCI Host Controller
Jun  3 21:12:02 rcortes- kernel: usb usb1: Manufacturer: Linux 6.13.4 ehci_hcd
Jun  3 21:12:02 rcortes- kernel: usb usb1: SerialNumber: 0000:00:0b.0
Jun  3 21:12:02 rcortes- kernel: hub 1-0:1.0: USB hub found
Jun  3 21:12:02 rcortes- kernel: hub 1-0:1.0: 12 ports detected
Jun  3 21:12:02 rcortes- kernel: ohci-pci 0000:00:06.0: OHCI PCI host controller
Jun  3 21:12:02 rcortes- kernel: ohci-pci 0000:00:06.0: new USB bus registered, assigned bus number 2
Jun  3 21:12:02 rcortes- kernel: ohci-pci 0000:00:06.0: irq 22, io mem 0xf0804000
Jun  3 21:12:03 rcortes- kernel: usb usb2: New USB device found, idVendor=1d6b, idProduct=0001, bcdDevice= 6.13
Jun  3 21:12:03 rcortes- kernel: usb usb2: New USB device strings: Mfr=3, Product=2, SerialNumber=1
Jun  3 21:12:03 rcortes- kernel: usb usb2: Product: OHCI PCI host controller
Jun  3 21:12:03 rcortes- kernel: usb usb2: Manufacturer: Linux 6.13.4 ohci_hcd
Jun  3 21:12:03 rcortes- kernel: usb usb2: SerialNumber: 0000:00:06.0
Jun  3 21:12:03 rcortes- kernel: hub 2-0:1.0: USB hub found
Jun  3 21:12:03 rcortes- kernel: hub 2-0:1.0: 12 ports detected
Jun  3 21:12:03 rcortes- kernel: usbcore: registered new interface driver usblp
Jun  3 21:12:03 rcortes- kernel: usbcore: registered new interface driver usb-storage
Jun  3 21:12:03 rcortes- kernel: i8042: PNP: PS/2 Controller [PNP0303:PS2K,PNP0f03:PS2M] at 0x60,0x64 irq 1,12
Jun  3 21:12:03 rcortes- kernel: serio: i8042 KBD port at 0x60,0x64 irq 1
Jun  3 21:12:03 rcortes- kernel: serio: i8042 AUX port at 0x60,0x64 irq 12
Jun  3 21:12:03 rcortes- kernel: input: AT Translated Set 2 keyboard as /devices/platform/i8042/serio0/input/input3
Jun  3 21:12:03 rcortes- kernel: rtc_cmos rtc_cmos: registered as rtc0
Jun  3 21:12:03 rcortes- kernel: rtc_cmos rtc_cmos: alarms up to one day, 114 bytes nvram
Jun  3 21:12:03 rcortes- kernel: device-mapper: ioctl: 4.48.0-ioctl (2023-03-01) initialised: dm-devel@lists.linux.dev
Jun  3 21:12:03 rcortes- kernel: amd_pstate: The CPPC feature is supported but currently disabled by the BIOS.\x0aPlease enable it if your BIOS has the CPPC option.
Jun  3 21:12:03 rcortes- kernel: amd_pstate: the _CPC object is not present in SBIOS or ACPI disabled
Jun  3 21:12:03 rcortes- kernel: simple-framebuffer simple-framebuffer.0: [drm] Registered 1 planes with drm panic
Jun  3 21:12:03 rcortes- kernel: [drm] Initialized simpledrm 1.0.0 for simple-framebuffer.0 on minor 0
Jun  3 21:12:03 rcortes- kernel: Console: switching to colour frame buffer device 128x48
Jun  3 21:12:03 rcortes- kernel: simple-framebuffer simple-framebuffer.0: [drm] fb0: simpledrmdrmfb frame buffer device
Jun  3 21:12:03 rcortes- kernel: hid: raw HID events driver (C) Jiri Kosina
Jun  3 21:12:03 rcortes- kernel: usbcore: registered new interface driver usbhid
Jun  3 21:12:03 rcortes- kernel: usbhid: USB HID core driver
Jun  3 21:12:03 rcortes- kernel: Initializing XFRM netlink socket
Jun  3 21:12:03 rcortes- kernel: NET: Registered PF_INET6 protocol family
Jun  3 21:12:03 rcortes- kernel: input: ImExPS/2 Generic Explorer Mouse as /devices/platform/i8042/serio1/input/input5
Jun  3 21:12:03 rcortes- kernel: Segment Routing with IPv6
Jun  3 21:12:03 rcortes- kernel: In-situ OAM (IOAM) with IPv6
Jun  3 21:12:03 rcortes- kernel: sit: IPv6, IPv4 and MPLS over IPv4 tunneling driver
Jun  3 21:12:03 rcortes- kernel: NET: Registered PF_PACKET protocol family
Jun  3 21:12:03 rcortes- kernel: 9pnet: Installing 9P2000 support
Jun  3 21:12:03 rcortes- kernel: Key type dns_resolver registered
Jun  3 21:12:03 rcortes- kernel: IPI shorthand broadcast: enabled
Jun  3 21:12:03 rcortes- kernel: sched_clock: Marking stable (2208179414, 35699530)->(2256918455, -13039511)
Jun  3 21:12:03 rcortes- kernel: registered taskstats version 1
Jun  3 21:12:03 rcortes- kernel: Loading compiled-in X.509 certificates
Jun  3 21:12:03 rcortes- kernel: Demotion targets for Node 0: null
Jun  3 21:12:03 rcortes- kernel: PM:   Magic number: 13:408:242
Jun  3 21:12:03 rcortes- kernel: printk: legacy console [netcon0] enabled
Jun  3 21:12:03 rcortes- kernel: netconsole: network logging started
Jun  3 21:12:03 rcortes- kernel: cfg80211: Loading compiled-in X.509 certificates for regulatory database
Jun  3 21:12:03 rcortes- kernel: kworker/u8:2 (64) used greatest stack depth: 14960 bytes left
Jun  3 21:12:03 rcortes- kernel: Loaded X.509 cert 'sforshee: 00b28ddf47aef9cea7'
Jun  3 21:12:03 rcortes- kernel: Loaded X.509 cert 'wens: 61c038651aabdcf94bd0ac7ff06c7248db18c600'
Jun  3 21:12:03 rcortes- kernel: cryptomgr_probe (66) used greatest stack depth: 14912 bytes left
Jun  3 21:12:03 rcortes- kernel: ALSA device list:
Jun  3 21:12:03 rcortes- kernel: platform regulatory.0: Direct firmware load for regulatory.db failed with error -2
Jun  3 21:12:03 rcortes- kernel: cfg80211: failed to load regulatory.db
Jun  3 21:12:03 rcortes- kernel:   No soundcards found.
Jun  3 21:12:03 rcortes- kernel: md: Waiting for all devices to be available before autodetect
Jun  3 21:12:03 rcortes- kernel: md: If you don't use raid, use raid=noautodetect
Jun  3 21:12:03 rcortes- kernel: md: Autodetecting RAID arrays.
Jun  3 21:12:03 rcortes- kernel: md: autorun ...
Jun  3 21:12:03 rcortes- kernel: md: ... autorun DONE.
Jun  3 21:12:03 rcortes- kernel: EXT4-fs (sdb1): mounted filesystem 2d8018d2-b379-4874-94f0-cb76bc914e94 ro with ordered data mode. Quota mode: none.
Jun  3 21:12:03 rcortes- kernel: VFS: Mounted root (ext4 filesystem) readonly on device 8:17.
Jun  3 21:12:03 rcortes- kernel: devtmpfs: mounted
Jun  3 21:12:03 rcortes- kernel: Freeing unused kernel image (initmem) memory: 2764K
Jun  3 21:12:03 rcortes- kernel: Write protecting the kernel read-only data: 26624k
Jun  3 21:12:03 rcortes- kernel: Freeing unused kernel image (rodata/data gap) memory: 948K
Jun  3 21:12:03 rcortes- kernel: usb 2-1: new full-speed USB device number 2 using ohci-pci
Jun  3 21:12:03 rcortes- kernel: x86/mm: Checked W+X mappings: passed, no W+X pages found.
Jun  3 21:12:03 rcortes- kernel: Run /sbin/init as init process
Jun  3 21:12:03 rcortes- kernel:   with arguments:
Jun  3 21:12:03 rcortes- kernel:     /sbin/init
Jun  3 21:12:03 rcortes- kernel:   with environment:
Jun  3 21:12:03 rcortes- kernel:     HOME=/
Jun  3 21:12:03 rcortes- kernel:     TERM=linux
Jun  3 21:12:03 rcortes- kernel:     BOOT_IMAGE=/vmlinuz-6.13.4-lfs-12.3
Jun  3 21:12:03 rcortes- kernel: stty (71) used greatest stack depth: 13520 bytes left
Jun  3 21:12:03 rcortes- kernel: usb 2-1: New USB device found, idVendor=80ee, idProduct=0021, bcdDevice= 1.00
Jun  3 21:12:03 rcortes- kernel: usb 2-1: New USB device strings: Mfr=1, Product=3, SerialNumber=0
Jun  3 21:12:03 rcortes- kernel: usb 2-1: Product: USB Tablet
Jun  3 21:12:03 rcortes- kernel: usb 2-1: Manufacturer: VirtualBox
Jun  3 21:12:03 rcortes- kernel: dmesg (72) used greatest stack depth: 13296 bytes left
Jun  3 21:12:03 rcortes- kernel: input: VirtualBox USB Tablet as /devices/pci0000:00/0000:00:06.0/usb2/2-1/2-1:1.0/0003:80EE:0021.0001/input/input6
Jun  3 21:12:03 rcortes- kernel: hid-generic 0003:80EE:0021.0001: input,hidraw0: USB HID v1.10 Mouse [VirtualBox USB Tablet] on usb-0000:00:06.0-1/input0
Jun  3 21:12:03 rcortes- kernel: mountpoint (77) used greatest stack depth: 13208 bytes left
Jun  3 21:12:03 rcortes- kernel: sed (84) used greatest stack depth: 12936 bytes left
Jun  3 21:12:04 rcortes- kernel: ip (171) used greatest stack depth: 12928 bytes left
Jun  3 21:12:04 rcortes- kernel: e1000 0000:00:03.0 enp0s3: renamed from eth0
Jun  3 21:12:05 rcortes- kernel: Adding 2097148k swap on /dev/sdb3.  Priority:1 extents:1 across:2097148k 
Jun  3 21:12:05 rcortes- kernel: EXT4-fs (sdb1): re-mounted 2d8018d2-b379-4874-94f0-cb76bc914e94 ro. Quota mode: none.
Jun  3 21:12:05 rcortes- kernel: EXT4-fs (sdb1): re-mounted 2d8018d2-b379-4874-94f0-cb76bc914e94 r/w. Quota mode: none.
Jun  3 21:12:06 rcortes- kernel: EXT4-fs (sdb2): mounted filesystem 7f892e95-14fb-4dae-bd59-7e6121b54771 r/w with ordered data mode. Quota mode: none.
Jun  3 21:12:07 rcortes- kernel: e1000: enp0s3 NIC Link is Up 1000 Mbps Full Duplex, Flow Control: RX
Jun  3 21:12:13 rcortes- kernel: (udev-worker) (206) used greatest stack depth: 12488 bytes left
Jun  6 01:07:17 rcortes- kernel: Linux version 6.13.4-rcortes- (root@ftlinuxrcortes) (gcc (GCC) 14.2.0, GNU ld (GNU Binutils) 2.44) #1 SMP PREEMPT_DYNAMIC Fri Jun  6 00:53:33 CEST 2025
Jun  6 01:07:17 rcortes- kernel: Command line: BOOT_IMAGE=/vmlinuz-6.13.4-rcortes- root=/dev/sdb1 ro
Jun  6 01:07:17 rcortes- kernel: [Firmware Bug]: TSC doesn't count with P0 frequency!
Jun  6 01:07:17 rcortes- kernel: BIOS-provided physical RAM map:
Jun  6 01:07:17 rcortes- kernel: BIOS-e820: [mem 0x0000000000000000-0x000000000009fbff] usable
Jun  6 01:07:17 rcortes- kernel: BIOS-e820: [mem 0x000000000009fc00-0x000000000009ffff] reserved
Jun  6 01:07:17 rcortes- kernel: BIOS-e820: [mem 0x00000000000f0000-0x00000000000fffff] reserved
Jun  6 01:07:17 rcortes- kernel: BIOS-e820: [mem 0x0000000000100000-0x000000007ffeffff] usable
Jun  6 01:07:17 rcortes- kernel: BIOS-e820: [mem 0x000000007fff0000-0x000000007fffffff] ACPI data
Jun  6 01:07:17 rcortes- kernel: BIOS-e820: [mem 0x00000000fec00000-0x00000000fec00fff] reserved
Jun  6 01:07:17 rcortes- kernel: BIOS-e820: [mem 0x00000000fee00000-0x00000000fee00fff] reserved
Jun  6 01:07:17 rcortes- kernel: BIOS-e820: [mem 0x00000000fffc0000-0x00000000ffffffff] reserved
Jun  6 01:07:17 rcortes- kernel: NX (Execute Disable) protection: active
Jun  6 01:07:17 rcortes- kernel: APIC: Static calls initialized
Jun  6 01:07:17 rcortes- kernel: SMBIOS 2.5 present.
Jun  6 01:07:17 rcortes- kernel: DMI: innotek GmbH VirtualBox/VirtualBox, BIOS VirtualBox 12/01/2006
Jun  6 01:07:17 rcortes- kernel: DMI: Memory slots populated: 0/0
Jun  6 01:07:17 rcortes- kernel: Hypervisor detected: KVM
Jun  6 01:07:17 rcortes- kernel: kvm-clock: Using msrs 4b564d01 and 4b564d00
Jun  6 01:07:17 rcortes- kernel: kvm-clock: using sched offset of 491760948274 cycles
Jun  6 01:07:17 rcortes- kernel: clocksource: kvm-clock: mask: 0xffffffffffffffff max_cycles: 0x1cd42e4dffb, max_idle_ns: 881590591483 ns
Jun  6 01:07:17 rcortes- kernel: tsc: Detected 3293.734 MHz processor
Jun  6 01:07:17 rcortes- kernel: e820: update [mem 0x00000000-0x00000fff] usable ==> reserved
Jun  6 01:07:17 rcortes- kernel: e820: remove [mem 0x000a0000-0x000fffff] usable
Jun  6 01:07:17 rcortes- kernel: last_pfn = 0x80000 max_arch_pfn = 0x400000000
Jun  6 01:07:17 rcortes- kernel: MTRRs disabled by BIOS
Jun  6 01:07:17 rcortes- kernel: x86/PAT: Configuration [0-7]: WB  WC  UC- UC  WB  WP  UC- WT  
Jun  6 01:07:17 rcortes- kernel: found SMP MP-table at [mem 0x0009fff0-0x0009ffff]
Jun  6 01:07:17 rcortes- kernel: ACPI: Early table checksum verification disabled
Jun  6 01:07:17 rcortes- kernel: ACPI: RSDP 0x00000000000E0000 000024 (v02 VBOX  )
Jun  6 01:07:17 rcortes- kernel: ACPI: XSDT 0x000000007FFF0030 00003C (v01 VBOX   VBOXXSDT 00000001 ASL  00000061)
Jun  6 01:07:17 rcortes- kernel: ACPI: FACP 0x000000007FFF00F0 0000F4 (v04 VBOX   VBOXFACP 00000001 ASL  00000061)
Jun  6 01:07:17 rcortes- kernel: ACPI: DSDT 0x000000007FFF0610 002353 (v02 VBOX   VBOXBIOS 00000002 INTL 20100528)
Jun  6 01:07:17 rcortes- kernel: ACPI: FACS 0x000000007FFF0200 000040
Jun  6 01:07:17 rcortes- last message buffered 1 times
Jun  6 01:07:17 rcortes- kernel: ACPI: APIC 0x000000007FFF0240 00005C (v02 VBOX   VBOXAPIC 00000001 ASL  00000061)
Jun  6 01:07:17 rcortes- kernel: ACPI: SSDT 0x000000007FFF02A0 00036C (v01 VBOX   VBOXCPUT 00000002 INTL 20100528)
Jun  6 01:07:17 rcortes- kernel: ACPI: Reserving FACP table memory at [mem 0x7fff00f0-0x7fff01e3]
Jun  6 01:07:17 rcortes- kernel: ACPI: Reserving DSDT table memory at [mem 0x7fff0610-0x7fff2962]
Jun  6 01:07:17 rcortes- kernel: ACPI: Reserving FACS table memory at [mem 0x7fff0200-0x7fff023f]
Jun  6 01:07:17 rcortes- last message buffered 1 times
Jun  6 01:07:17 rcortes- kernel: ACPI: Reserving APIC table memory at [mem 0x7fff0240-0x7fff029b]
Jun  6 01:07:17 rcortes- kernel: ACPI: Reserving SSDT table memory at [mem 0x7fff02a0-0x7fff060b]
Jun  6 01:07:17 rcortes- kernel: No NUMA configuration found
Jun  6 01:07:17 rcortes- kernel: Faking a node at [mem 0x0000000000000000-0x000000007fffffff]
Jun  6 01:07:17 rcortes- kernel: NODE_DATA(0) allocated [mem 0x7ffec940-0x7ffeffff]
Jun  6 01:07:17 rcortes- kernel: Zone ranges:
Jun  6 01:07:17 rcortes- kernel:   DMA      [mem 0x0000000000001000-0x0000000000ffffff]
Jun  6 01:07:17 rcortes- kernel:   DMA32    [mem 0x0000000001000000-0x000000007fffffff]
Jun  6 01:07:17 rcortes- kernel:   Normal   empty
Jun  6 01:07:17 rcortes- kernel: Movable zone start for each node
Jun  6 01:07:17 rcortes- kernel: Early memory node ranges
Jun  6 01:07:17 rcortes- kernel:   node   0: [mem 0x0000000000001000-0x000000000009efff]
Jun  6 01:07:17 rcortes- kernel:   node   0: [mem 0x0000000000100000-0x000000007ffeffff]
Jun  6 01:07:17 rcortes- kernel: Initmem setup node 0 [mem 0x0000000000001000-0x000000007ffeffff]
Jun  6 01:07:17 rcortes- kernel: On node 0, zone DMA: 1 pages in unavailable ranges
Jun  6 01:07:17 rcortes- kernel: On node 0, zone DMA: 97 pages in unavailable ranges
Jun  6 01:07:17 rcortes- kernel: On node 0, zone DMA32: 16 pages in unavailable ranges
Jun  6 01:07:17 rcortes- kernel: ACPI: PM-Timer IO Port: 0x4008
Jun  6 01:07:17 rcortes- kernel: IOAPIC[0]: apic_id 2, version 32, address 0xfec00000, GSI 0-23
Jun  6 01:07:17 rcortes- kernel: ACPI: INT_SRC_OVR (bus 0 bus_irq 0 global_irq 2 dfl dfl)
Jun  6 01:07:17 rcortes- kernel: ACPI: INT_SRC_OVR (bus 0 bus_irq 9 global_irq 9 low level)
Jun  6 01:07:17 rcortes- kernel: ACPI: Using ACPI (MADT) for SMP configuration information
Jun  6 01:07:17 rcortes- kernel: CPU topo: Max. logical packages:   1
Jun  6 01:07:17 rcortes- kernel: CPU topo: Max. logical dies:       1
Jun  6 01:07:17 rcortes- kernel: CPU topo: Max. dies per package:   1
Jun  6 01:07:17 rcortes- kernel: CPU topo: Max. threads per core:   1
Jun  6 01:07:17 rcortes- kernel: CPU topo: Num. cores per package:     2
Jun  6 01:07:17 rcortes- kernel: CPU topo: Num. threads per package:   2
Jun  6 01:07:17 rcortes- kernel: CPU topo: Allowing 2 present CPUs plus 0 hotplug CPUs
Jun  6 01:07:17 rcortes- kernel: PM: hibernation: Registered nosave memory: [mem 0x00000000-0x00000fff]
Jun  6 01:07:17 rcortes- kernel: PM: hibernation: Registered nosave memory: [mem 0x0009f000-0x0009ffff]
Jun  6 01:07:17 rcortes- kernel: PM: hibernation: Registered nosave memory: [mem 0x000a0000-0x000effff]
Jun  6 01:07:17 rcortes- kernel: PM: hibernation: Registered nosave memory: [mem 0x000f0000-0x000fffff]
Jun  6 01:07:17 rcortes- kernel: PM: hibernation: Registered nosave memory: [mem 0x7fff0000-0x7fffffff]
Jun  6 01:07:17 rcortes- kernel: [mem 0x80000000-0xfebfffff] available for PCI devices
Jun  6 01:07:17 rcortes- kernel: Booting paravirtualized kernel on KVM
Jun  6 01:07:17 rcortes- kernel: clocksource: refined-jiffies: mask: 0xffffffff max_cycles: 0xffffffff, max_idle_ns: 1910969940391419 ns
Jun  6 01:07:17 rcortes- kernel: setup_percpu: NR_CPUS:64 nr_cpumask_bits:2 nr_cpu_ids:2 nr_node_ids:1
Jun  6 01:07:17 rcortes- kernel: percpu: Embedded 56 pages/cpu s191576 r8192 d29608 u1048576
Jun  6 01:07:17 rcortes- kernel: pcpu-alloc: s191576 r8192 d29608 u1048576 alloc=1*2097152
Jun  6 01:07:17 rcortes- kernel: pcpu-alloc: [0] 0 1 
Jun  6 01:07:17 rcortes- kernel: Kernel command line: BOOT_IMAGE=/vmlinuz-6.13.4-rcortes- root=/dev/sdb1 ro
Jun  6 01:07:17 rcortes- kernel: Unknown kernel command line parameters "BOOT_IMAGE=/vmlinuz-6.13.4-rcortes-", will be passed to user space.
Jun  6 01:07:17 rcortes- kernel: random: crng init done
Jun  6 01:07:17 rcortes- kernel: printk: log buffer data + meta data: 262144 + 917504 = 1179648 bytes
Jun  6 01:07:17 rcortes- kernel: Dentry cache hash table entries: 262144 (order: 9, 2097152 bytes, linear)
Jun  6 01:07:17 rcortes- kernel: Inode-cache hash table entries: 131072 (order: 8, 1048576 bytes, linear)
Jun  6 01:07:17 rcortes- kernel: Fallback order for Node 0: 0 
Jun  6 01:07:17 rcortes- kernel: Built 1 zonelists, mobility grouping on.  Total pages: 524174
Jun  6 01:07:17 rcortes- kernel: Policy zone: DMA32
Jun  6 01:07:17 rcortes- kernel: mem auto-init: stack:all(zero), heap alloc:off, heap free:off
Jun  6 01:07:17 rcortes- kernel: SLUB: HWalign=64, Order=0-3, MinObjects=0, CPUs=2, Nodes=1
Jun  6 01:07:17 rcortes- kernel: Dynamic Preempt: voluntary
Jun  6 01:07:17 rcortes- kernel: rcu: Preemptible hierarchical RCU implementation.
Jun  6 01:07:17 rcortes- kernel: rcu: \x09RCU event tracing is enabled.
Jun  6 01:07:17 rcortes- kernel: rcu: \x09RCU restricting CPUs from NR_CPUS=64 to nr_cpu_ids=2.
Jun  6 01:07:17 rcortes- kernel: \x09Trampoline variant of Tasks RCU enabled.
Jun  6 01:07:17 rcortes- kernel: \x09Tracing variant of Tasks RCU enabled.
Jun  6 01:07:17 rcortes- kernel: rcu: RCU calculated value of scheduler-enlistment delay is 100 jiffies.
Jun  6 01:07:17 rcortes- kernel: rcu: Adjusting geometry for rcu_fanout_leaf=16, nr_cpu_ids=2
Jun  6 01:07:17 rcortes- kernel: RCU Tasks: Setting shift to 1 and lim to 1 rcu_task_cb_adjust=1 rcu_task_cpu_ids=2.
Jun  6 01:07:17 rcortes- kernel: RCU Tasks Trace: Setting shift to 1 and lim to 1 rcu_task_cb_adjust=1 rcu_task_cpu_ids=2.
Jun  6 01:07:17 rcortes- kernel: NR_IRQS: 4352, nr_irqs: 440, preallocated irqs: 16
Jun  6 01:07:17 rcortes- kernel: rcu: srcu_init: Setting srcu_struct sizes based on contention.
Jun  6 01:07:17 rcortes- kernel: Console: colour dummy device 80x25
Jun  6 01:07:17 rcortes- kernel: printk: legacy console [tty0] enabled
Jun  6 01:07:17 rcortes- kernel: ACPI: Core revision 20240827
Jun  6 01:07:17 rcortes- kernel: APIC: Switch to symmetric I/O mode setup
Jun  6 01:07:17 rcortes- kernel: ..TIMER: vector=0x30 apic1=0 pin1=2 apic2=-1 pin2=-1
Jun  6 01:07:17 rcortes- kernel: clocksource: tsc-early: mask: 0xffffffffffffffff max_cycles: 0x2f7a2ce67a6, max_idle_ns: 440795284468 ns
Jun  6 01:07:17 rcortes- kernel: Calibrating delay loop (skipped) preset value.. 6587.46 BogoMIPS (lpj=3293734)
Jun  6 01:07:17 rcortes- kernel: Last level iTLB entries: 4KB 512, 2MB 512, 4MB 256
Jun  6 01:07:17 rcortes- kernel: Last level dTLB entries: 4KB 2048, 2MB 2048, 4MB 1024, 1GB 0
Jun  6 01:07:17 rcortes- kernel: Spectre V1 : Mitigation: usercopy/swapgs barriers and __user pointer sanitization
Jun  6 01:07:17 rcortes- kernel: Spectre V2 : Mitigation: Retpolines
Jun  6 01:07:17 rcortes- kernel: Spectre V2 : Spectre v2 / SpectreRSB mitigation: Filling RSB on context switch
Jun  6 01:07:17 rcortes- kernel: Spectre V2 : Spectre v2 / SpectreRSB : Filling RSB on VMEXIT
Jun  6 01:07:17 rcortes- kernel: Speculative Return Stack Overflow: IBPB-extending microcode not applied!
Jun  6 01:07:17 rcortes- kernel: Speculative Return Stack Overflow: WARNING: See https://kernel.org/doc/html/latest/admin-guide/hw-vuln/srso.html for mitigation options.
Jun  6 01:07:17 rcortes- kernel: Speculative Return Stack Overflow: Vulnerable: Safe RET, no microcode
Jun  6 01:07:17 rcortes- kernel: x86/fpu: x87 FPU will use FXSAVE
Jun  6 01:07:17 rcortes- kernel: Freeing SMP alternatives memory: 48K
Jun  6 01:07:17 rcortes- kernel: pid_max: default: 32768 minimum: 301
Jun  6 01:07:17 rcortes- kernel: LSM: initializing lsm=capability,selinux
Jun  6 01:07:17 rcortes- kernel: SELinux:  Initializing.
Jun  6 01:07:17 rcortes- kernel: Mount-cache hash table entries: 4096 (order: 3, 32768 bytes, linear)
Jun  6 01:07:17 rcortes- kernel: Mountpoint-cache hash table entries: 4096 (order: 3, 32768 bytes, linear)
Jun  6 01:07:17 rcortes- kernel: APIC calibration not consistent with PM-Timer: 128ms instead of 100ms
Jun  6 01:07:17 rcortes- kernel: APIC delta adjusted to PM-Timer: 6287374 (8069705)
Jun  6 01:07:17 rcortes- kernel: smpboot: CPU0: AMD Ryzen 5 5600H with Radeon Graphics (family: 0x19, model: 0x50, stepping: 0x0)
Jun  6 01:07:17 rcortes- kernel: Performance Events: PMU not available due to virtualization, using software events only.
Jun  6 01:07:17 rcortes- kernel: signal: max sigframe size: 1440
Jun  6 01:07:17 rcortes- kernel: rcu: Hierarchical SRCU implementation.
Jun  6 01:07:17 rcortes- kernel: rcu: \x09Max phase no-delay instances is 400.
Jun  6 01:07:17 rcortes- kernel: Timer migration: 1 hierarchy levels; 8 children per group; 1 crossnode level
Jun  6 01:07:17 rcortes- kernel: smp: Bringing up secondary CPUs ...
Jun  6 01:07:17 rcortes- kernel: smpboot: x86: Booting SMP configuration:
Jun  6 01:07:17 rcortes- kernel: .... node  #0, CPUs:      #1
Jun  6 01:07:17 rcortes- kernel: TSC synchronization [CPU#0 -> CPU#1]:
Jun  6 01:07:17 rcortes- kernel: Measured 65010 cycles TSC warp between CPUs, turning off TSC clock.
Jun  6 01:07:17 rcortes- kernel: tsc: Marking TSC unstable due to check_tsc_sync_source failed
Jun  6 01:07:17 rcortes- kernel: smp: Brought up 1 node, 2 CPUs
Jun  6 01:07:17 rcortes- kernel: smpboot: Total of 2 processors activated (13174.93 BogoMIPS)
Jun  6 01:07:17 rcortes- kernel: Memory: 2017068K/2096696K available (18432K kernel code, 2873K rwdata, 7232K rodata, 2756K init, 848K bss, 75924K reserved, 0K cma-reserved)
Jun  6 01:07:17 rcortes- kernel: devtmpfs: initialized
Jun  6 01:07:17 rcortes- kernel: clocksource: jiffies: mask: 0xffffffff max_cycles: 0xffffffff, max_idle_ns: 1911260446275000 ns
Jun  6 01:07:17 rcortes- kernel: futex hash table entries: 512 (order: 3, 32768 bytes, linear)
Jun  6 01:07:17 rcortes- kernel: PM: RTC time: 23:07:18, date: 2025-06-05
Jun  6 01:07:17 rcortes- kernel: NET: Registered PF_NETLINK/PF_ROUTE protocol family
Jun  6 01:07:17 rcortes- kernel: audit: initializing netlink subsys (disabled)
Jun  6 01:07:17 rcortes- kernel: audit: type=2000 audit(1749165329.179:1): state=initialized audit_enabled=0 res=1
Jun  6 01:07:17 rcortes- kernel: thermal_sys: Registered thermal governor 'step_wise'
Jun  6 01:07:17 rcortes- kernel: thermal_sys: Registered thermal governor 'user_space'
Jun  6 01:07:17 rcortes- kernel: cpuidle: using governor menu
Jun  6 01:07:17 rcortes- kernel: PCI: Using configuration type 1 for base access
Jun  6 01:07:17 rcortes- kernel: PCI: Using configuration type 1 for extended access
Jun  6 01:07:17 rcortes- kernel: kprobes: kprobe jump-optimization is enabled. All kprobes are optimized if possible.
Jun  6 01:07:17 rcortes- kernel: HugeTLB: registered 2.00 MiB page size, pre-allocated 0 pages
Jun  6 01:07:17 rcortes- kernel: HugeTLB: 28 KiB vmemmap can be freed for a 2.00 MiB page
Jun  6 01:07:17 rcortes- kernel: ACPI: Added _OSI(Module Device)
Jun  6 01:07:17 rcortes- kernel: ACPI: Added _OSI(Processor Device)
Jun  6 01:07:17 rcortes- kernel: ACPI: Added _OSI(3.0 _SCP Extensions)
Jun  6 01:07:17 rcortes- kernel: ACPI: Added _OSI(Processor Aggregator Device)
Jun  6 01:07:17 rcortes- kernel: ACPI: 2 ACPI AML tables successfully acquired and loaded
Jun  6 01:07:17 rcortes- kernel: ACPI: Interpreter enabled
Jun  6 01:07:17 rcortes- kernel: ACPI: PM: (supports S0 S5)
Jun  6 01:07:17 rcortes- kernel: ACPI: Using IOAPIC for interrupt routing
Jun  6 01:07:17 rcortes- kernel: PCI: Using host bridge windows from ACPI; if necessary, use "pci=nocrs" and report a bug
Jun  6 01:07:17 rcortes- kernel: PCI: Using E820 reservations for host bridge windows
Jun  6 01:07:17 rcortes- kernel: ACPI: Enabled 2 GPEs in block 00 to 07
Jun  6 01:07:17 rcortes- kernel: ACPI: PCI Root Bridge [PCI0] (domain 0000 [bus 00-ff])
Jun  6 01:07:17 rcortes- kernel: acpi PNP0A03:00: _OSC: OS supports [ExtendedConfig ASPM ClockPM Segments MSI HPX-Type3]
Jun  6 01:07:17 rcortes- kernel: acpi PNP0A03:00: _OSC: platform does not support [PCIeCapability LTR]
Jun  6 01:07:17 rcortes- kernel: acpi PNP0A03:00: _OSC: not requesting control; platform does not support [PCIeCapability]
Jun  6 01:07:17 rcortes- kernel: acpi PNP0A03:00: _OSC: OS requested [PME PCIeCapability LTR]
Jun  6 01:07:17 rcortes- kernel: acpi PNP0A03:00: _OSC: platform willing to grant [PME]
Jun  6 01:07:17 rcortes- kernel: acpi PNP0A03:00: _OSC: platform retains control of PCIe features (AE_SUPPORT)
Jun  6 01:07:17 rcortes- kernel: PCI host bridge to bus 0000:00
Jun  6 01:07:17 rcortes- kernel: pci_bus 0000:00: root bus resource [io  0x0000-0x0cf7 window]
Jun  6 01:07:17 rcortes- kernel: pci_bus 0000:00: root bus resource [io  0x0d00-0xffff window]
Jun  6 01:07:17 rcortes- kernel: pci_bus 0000:00: root bus resource [mem 0x000a0000-0x000bffff window]
Jun  6 01:07:17 rcortes- kernel: pci_bus 0000:00: root bus resource [mem 0x80000000-0xfdffffff window]
Jun  6 01:07:17 rcortes- kernel: pci_bus 0000:00: root bus resource [bus 00-ff]
Jun  6 01:07:17 rcortes- kernel: pci 0000:00:00.0: [8086:1237] type 00 class 0x060000 conventional PCI endpoint
Jun  6 01:07:17 rcortes- kernel: pci 0000:00:01.0: [8086:7000] type 00 class 0x060100 conventional PCI endpoint
Jun  6 01:07:17 rcortes- kernel: pci 0000:00:01.1: [8086:7111] type 00 class 0x01018a conventional PCI endpoint
Jun  6 01:07:17 rcortes- kernel: pci 0000:00:01.1: BAR 4 [io  0xd000-0xd00f]
Jun  6 01:07:17 rcortes- kernel: pci 0000:00:01.1: BAR 0 [io  0x01f0-0x01f7]: legacy IDE quirk
Jun  6 01:07:17 rcortes- kernel: pci 0000:00:01.1: BAR 1 [io  0x03f6]: legacy IDE quirk
Jun  6 01:07:17 rcortes- kernel: pci 0000:00:01.1: BAR 2 [io  0x0170-0x0177]: legacy IDE quirk
Jun  6 01:07:17 rcortes- kernel: pci 0000:00:01.1: BAR 3 [io  0x0376]: legacy IDE quirk
Jun  6 01:07:17 rcortes- kernel: pci 0000:00:02.0: [15ad:0405] type 00 class 0x030000 conventional PCI endpoint
Jun  6 01:07:17 rcortes- kernel: pci 0000:00:02.0: BAR 0 [io  0xd010-0xd01f]
Jun  6 01:07:17 rcortes- kernel: pci 0000:00:02.0: BAR 1 [mem 0xe0000000-0xe0ffffff pref]
Jun  6 01:07:17 rcortes- kernel: pci 0000:00:02.0: BAR 2 [mem 0xf0000000-0xf01fffff]
Jun  6 01:07:17 rcortes- kernel: pci 0000:00:02.0: Video device with shadowed ROM at [mem 0x000c0000-0x000dffff]
Jun  6 01:07:17 rcortes- kernel: pci 0000:00:03.0: [8086:100e] type 00 class 0x020000 conventional PCI endpoint
Jun  6 01:07:17 rcortes- kernel: pci 0000:00:03.0: BAR 0 [mem 0xf0200000-0xf021ffff]
Jun  6 01:07:17 rcortes- kernel: pci 0000:00:03.0: BAR 2 [io  0xd020-0xd027]
Jun  6 01:07:17 rcortes- kernel: pci 0000:00:04.0: [80ee:cafe] type 00 class 0x088000 conventional PCI endpoint
Jun  6 01:07:17 rcortes- kernel: pci 0000:00:04.0: BAR 0 [io  0xd040-0xd05f]
Jun  6 01:07:17 rcortes- kernel: pci 0000:00:04.0: BAR 1 [mem 0xf0400000-0xf07fffff]
Jun  6 01:07:17 rcortes- kernel: pci 0000:00:04.0: BAR 2 [mem 0xf0800000-0xf0803fff pref]
Jun  6 01:07:17 rcortes- kernel: pci 0000:00:05.0: [8086:2415] type 00 class 0x040100 conventional PCI endpoint
Jun  6 01:07:17 rcortes- kernel: pci 0000:00:05.0: BAR 0 [io  0xd100-0xd1ff]
Jun  6 01:07:17 rcortes- kernel: pci 0000:00:05.0: BAR 1 [io  0xd200-0xd23f]
Jun  6 01:07:17 rcortes- kernel: pci 0000:00:06.0: [106b:003f] type 00 class 0x0c0310 conventional PCI endpoint
Jun  6 01:07:17 rcortes- kernel: pci 0000:00:06.0: BAR 0 [mem 0xf0804000-0xf0804fff]
Jun  6 01:07:17 rcortes- kernel: pci 0000:00:07.0: [8086:7113] type 00 class 0x068000 conventional PCI endpoint
Jun  6 01:07:17 rcortes- kernel: pci 0000:00:07.0: quirk: [io  0x4000-0x403f] claimed by PIIX4 ACPI
Jun  6 01:07:17 rcortes- kernel: pci 0000:00:07.0: quirk: [io  0x4100-0x410f] claimed by PIIX4 SMB
Jun  6 01:07:17 rcortes- kernel: pci 0000:00:0b.0: [8086:265c] type 00 class 0x0c0320 conventional PCI endpoint
Jun  6 01:07:17 rcortes- kernel: pci 0000:00:0b.0: BAR 0 [mem 0xf0805000-0xf0805fff]
Jun  6 01:07:17 rcortes- kernel: pci 0000:00:0d.0: [8086:2829] type 00 class 0x010601 conventional PCI endpoint
Jun  6 01:07:17 rcortes- kernel: pci 0000:00:0d.0: BAR 0 [io  0xd240-0xd247]
Jun  6 01:07:17 rcortes- kernel: pci 0000:00:0d.0: BAR 1 [io  0xd248-0xd24b]
Jun  6 01:07:17 rcortes- kernel: pci 0000:00:0d.0: BAR 2 [io  0xd250-0xd257]
Jun  6 01:07:17 rcortes- kernel: pci 0000:00:0d.0: BAR 3 [io  0xd258-0xd25b]
Jun  6 01:07:17 rcortes- kernel: pci 0000:00:0d.0: BAR 4 [io  0xd260-0xd26f]
Jun  6 01:07:17 rcortes- kernel: pci 0000:00:0d.0: BAR 5 [mem 0xf0806000-0xf0807fff]
Jun  6 01:07:17 rcortes- kernel: ACPI: PCI: Interrupt link LNKA configured for IRQ 11
Jun  6 01:07:17 rcortes- kernel: ACPI: PCI: Interrupt link LNKB configured for IRQ 10
Jun  6 01:07:17 rcortes- kernel: ACPI: PCI: Interrupt link LNKC configured for IRQ 9
Jun  6 01:07:17 rcortes- kernel: ACPI: PCI: Interrupt link LNKD configured for IRQ 11
Jun  6 01:07:17 rcortes- kernel: iommu: Default domain type: Translated
Jun  6 01:07:17 rcortes- kernel: iommu: DMA domain TLB invalidation policy: lazy mode
Jun  6 01:07:17 rcortes- kernel: SCSI subsystem initialized
Jun  6 01:07:17 rcortes- kernel: libata version 3.00 loaded.
Jun  6 01:07:17 rcortes- kernel: ACPI: bus type USB registered
Jun  6 01:07:17 rcortes- kernel: usbcore: registered new interface driver usbfs
Jun  6 01:07:17 rcortes- kernel: usbcore: registered new interface driver hub
Jun  6 01:07:17 rcortes- kernel: usbcore: registered new device driver usb
Jun  6 01:07:17 rcortes- kernel: pps_core: LinuxPPS API ver. 1 registered
